Archive member included to satisfy reference by file (symbol)

.\CortexM3\ARM_GCC_541\Debug\Project1A.a(CyLib.o)
                              .\CortexM3\ARM_GCC_541\Debug\Cm3Start.o (CyHalt)
.\CortexM3\ARM_GCC_541\Debug\Project1A.a(cyPm.o)
                              .\CortexM3\ARM_GCC_541\Debug\Project1A.a(CyLib.o) (CyPmReadStatus)
.\CortexM3\ARM_GCC_541\Debug\Project1A.a(LCD.o)
                              .\CortexM3\ARM_GCC_541\Debug\main.o (LCD_PrintString)
.\CortexM3\ARM_GCC_541\Debug\Project1A.a(AMUX.o)
                              .\CortexM3\ARM_GCC_541\Debug\main.o (AMUX_Start)
.\CortexM3\ARM_GCC_541\Debug\Project1A.a(SARADC.o)
                              .\CortexM3\ARM_GCC_541\Debug\main.o (SARADC_Start)
.\CortexM3\ARM_GCC_541\Debug\Project1A.a(SARADC_INT.o)
                              .\CortexM3\ARM_GCC_541\Debug\Project1A.a(SARADC.o) (SARADC_ISR)
.\CortexM3\ARM_GCC_541\Debug\Project1A.a(SERVOPWM.o)
                              .\CortexM3\ARM_GCC_541\Debug\main.o (SERVOPWM_WriteCompare)
.\CortexM3\ARM_GCC_541\Debug\Project1A.a(UART.o)
                              .\CortexM3\ARM_GCC_541\Debug\main.o (UART_Start)
.\CortexM3\ARM_GCC_541\Debug\Project1A.a(UART_INT.o)
                              .\CortexM3\ARM_GCC_541\Debug\Project1A.a(UART.o) (UART_RXISR)
.\CortexM3\ARM_GCC_541\Debug\Project1A.a(ISR_UART.o)
                              .\CortexM3\ARM_GCC_541\Debug\main.o (ISR_UART_StartEx)
.\CortexM3\ARM_GCC_541\Debug\Project1A.a(SARADC_theACLK.o)
                              .\CortexM3\ARM_GCC_541\Debug\Project1A.a(SARADC.o) (SARADC_theACLK_SetModeRegister)
.\CortexM3\ARM_GCC_541\Debug\Project1A.a(UART_IntClock.o)
                              .\CortexM3\ARM_GCC_541\Debug\Project1A.a(UART.o) (UART_IntClock_Start)
.\CortexM3\ARM_GCC_541\Debug\Project1A.a(UVLight.o)
                              .\CortexM3\ARM_GCC_541\Debug\main.o (UVLight_Write)
.\CortexM3\ARM_GCC_541\Debug\Project1A.a(Fan.o)
                              .\CortexM3\ARM_GCC_541\Debug\main.o (Fan_Write)
.\CortexM3\ARM_GCC_541\Debug\Project1A.a(HeatPad.o)
                              .\CortexM3\ARM_GCC_541\Debug\main.o (HeatPad_Write)
.\CortexM3\ARM_GCC_541\Debug\Project1A.a(CyBootAsmGnu.o)
                              .\CortexM3\ARM_GCC_541\Debug\cyfitter_cfg.o (CyDelayCycles)
.\CortexM3\ARM_GCC_541\Debug\Project1A.a(CyFlash.o)
                              .\CortexM3\ARM_GCC_541\Debug\Project1A.a(cyPm.o) (CyFlash_SetWaitCycles)
.\CortexM3\ARM_GCC_541\Debug\Project1A.a(CySpc.o)
                              .\CortexM3\ARM_GCC_541\Debug\Project1A.a(CyFlash.o) (CySpcStart)
c:/program files (x86)/cypress/psoc creator/4.4/psoc creator/import/gnu/arm/5.4.1/bin/../lib/gcc/arm-none-eabi/5.4.1/../../../../arm-none-eabi/lib/armv7-m\libm.a(lib_a-w_log.o)
                              .\CortexM3\ARM_GCC_541\Debug\main.o (log)
c:/program files (x86)/cypress/psoc creator/4.4/psoc creator/import/gnu/arm/5.4.1/bin/../lib/gcc/arm-none-eabi/5.4.1/../../../../arm-none-eabi/lib/armv7-m\libm.a(lib_a-e_log.o)
                              c:/program files (x86)/cypress/psoc creator/4.4/psoc creator/import/gnu/arm/5.4.1/bin/../lib/gcc/arm-none-eabi/5.4.1/../../../../arm-none-eabi/lib/armv7-m\libm.a(lib_a-w_log.o) (__ieee754_log)
c:/program files (x86)/cypress/psoc creator/4.4/psoc creator/import/gnu/arm/5.4.1/bin/../lib/gcc/arm-none-eabi/5.4.1/../../../../arm-none-eabi/lib/armv7-m\libm.a(lib_a-s_lib_ver.o)
                              c:/program files (x86)/cypress/psoc creator/4.4/psoc creator/import/gnu/arm/5.4.1/bin/../lib/gcc/arm-none-eabi/5.4.1/../../../../arm-none-eabi/lib/armv7-m\libm.a(lib_a-w_log.o) (__fdlib_version)
c:/program files (x86)/cypress/psoc creator/4.4/psoc creator/import/gnu/arm/5.4.1/bin/../lib/gcc/arm-none-eabi/5.4.1/../../../../arm-none-eabi/lib/armv7-m\libm.a(lib_a-s_matherr.o)
                              c:/program files (x86)/cypress/psoc creator/4.4/psoc creator/import/gnu/arm/5.4.1/bin/../lib/gcc/arm-none-eabi/5.4.1/../../../../arm-none-eabi/lib/armv7-m\libm.a(lib_a-w_log.o) (matherr)
c:/program files (x86)/cypress/psoc creator/4.4/psoc creator/import/gnu/arm/5.4.1/bin/../lib/gcc/arm-none-eabi/5.4.1/../../../../arm-none-eabi/lib/armv7-m\libm.a(lib_a-s_nan.o)
                              c:/program files (x86)/cypress/psoc creator/4.4/psoc creator/import/gnu/arm/5.4.1/bin/../lib/gcc/arm-none-eabi/5.4.1/../../../../arm-none-eabi/lib/armv7-m\libm.a(lib_a-w_log.o) (nan)
c:/program files (x86)/cypress/psoc creator/4.4/psoc creator/import/gnu/arm/5.4.1/bin/../lib/gcc/arm-none-eabi/5.4.1/armv7-m\libgcc.a(_arm_addsubdf3.o)
                              .\CortexM3\ARM_GCC_541\Debug\main.o (__aeabi_dsub)
c:/program files (x86)/cypress/psoc creator/4.4/psoc creator/import/gnu/arm/5.4.1/bin/../lib/gcc/arm-none-eabi/5.4.1/armv7-m\libgcc.a(_arm_muldivdf3.o)
                              .\CortexM3\ARM_GCC_541\Debug\main.o (__aeabi_dmul)
[...]
Memory Configuration

Name             Origin             Length             Attributes
rom              0x00000000         0x00040000         xr
ram              0x1fff8000         0x00010000         xrw
*default*        0x00000000         0xffffffff

Linker script and memory map

LOAD c:/program files (x86)/cypress/psoc creator/4.4/psoc creator/import/gnu/arm/5.4.1/bin/../lib/gcc/arm-none-eabi/5.4.1/armv7-m/crti.o
LOAD c:/program files (x86)/cypress/psoc creator/4.4/psoc creator/import/gnu/arm/5.4.1/bin/../lib/gcc/arm-none-eabi/5.4.1/armv7-m/crtbegin.o
LOAD c:/program files (x86)/cypress/psoc creator/4.4/psoc creator/import/gnu/arm/5.4.1/bin/../lib/gcc/arm-none-eabi/5.4.1/../../../../arm-none-eabi/lib/armv7-m/crt0.o
START GROUP
LOAD .\CortexM3\ARM_GCC_541\Debug\main.o
LOAD .\CortexM3\ARM_GCC_541\Debug\port.o
LOAD .\CortexM3\ARM_GCC_541\Debug\heap_1.o
LOAD .\CortexM3\ARM_GCC_541\Debug\croutine.o
LOAD .\CortexM3\ARM_GCC_541\Debug\event_groups.o
LOAD .\CortexM3\ARM_GCC_541\Debug\FreeRTOS_PSoC.o
LOAD .\CortexM3\ARM_GCC_541\Debug\list.o
LOAD .\CortexM3\ARM_GCC_541\Debug\queue.o
LOAD .\CortexM3\ARM_GCC_541\Debug\stream_buffer.o
LOAD .\CortexM3\ARM_GCC_541\Debug\tasks.o
LOAD .\CortexM3\ARM_GCC_541\Debug\timers.o
LOAD .\CortexM3\ARM_GCC_541\Debug\cyfitter_cfg.o
LOAD .\CortexM3\ARM_GCC_541\Debug\cymetadata.o
LOAD .\CortexM3\ARM_GCC_541\Debug\Cm3Start.o
LOAD .\CortexM3\ARM_GCC_541\Debug\Project1A.a
LOAD C:\Program Files (x86)\Cypress\PSoC Creator\4.4\PSoC Creator\psoc\content\cycomponentlibrary\CyComponentLibrary.cylib\CortexM3\ARM_GCC_541\Debug\CyComponentLibrary.a
LOAD c:/program files (x86)/cypress/psoc creator/4.4/psoc creator/import/gnu/arm/5.4.1/bin/../lib/gcc/arm-none-eabi/5.4.1/../../../../arm-none-eabi/lib/armv7-m\libm.a
END GROUP
START GROUP
LOAD c:/program files (x86)/cypress/psoc creator/4.4/psoc creator/import/gnu/arm/5.4.1/bin/../lib/gcc/arm-none-eabi/5.4.1/armv7-m\libgcc.a
LOAD c:/program files (x86)/cypress/psoc creator/4.4/psoc creator/import/gnu/arm/5.4.1/bin/../lib/gcc/arm-none-eabi/5.4.1/../../../../arm-none-eabi/lib/armv7-m\libg_nano.a
LOAD c:/program files (x86)/cypress/psoc creator/4.4/psoc creator/import/gnu/arm/5.4.1/bin/../lib/gcc/arm-none-eabi/5.4.1/../../../../arm-none-eabi/lib/armv7-m\libc_nano.a
END GROUP
START GROUP
LOAD c:/program files (x86)/cypress/psoc creator/4.4/psoc creator/import/gnu/arm/5.4.1/bin/../lib/gcc/arm-none-eabi/5.4.1/armv7-m\libgcc.a
LOAD c:/program files (x86)/cypress/psoc creator/4.4/psoc creator/import/gnu/arm/5.4.1/bin/../lib/gcc/arm-none-eabi/5.4.1/../../../../arm-none-eabi/lib/armv7-m\libc_nano.a
END GROUP
LOAD c:/program files (x86)/cypress/psoc creator/4.4/psoc creator/import/gnu/arm/5.4.1/bin/../lib/gcc/arm-none-eabi/5.4.1/armv7-m/crtend.o
LOAD c:/program files (x86)/cypress/psoc creator/4.4/psoc creator/import/gnu/arm/5.4.1/bin/../lib/gcc/arm-none-eabi/5.4.1/armv7-m/crtn.o
START GROUP
LOAD c:/program files (x86)/cypress/psoc creator/4.4/psoc creator/import/gnu/arm/5.4.1/bin/../lib/gcc/arm-none-eabi/5.4.1/armv7-m\libgcc.a
LOAD c:/program files (x86)/cypress/psoc creator/4.4/psoc creator/import/gnu/arm/5.4.1/bin/../lib/gcc/arm-none-eabi/5.4.1/../../../../arm-none-eabi/lib/armv7-m\libc.a
LOAD c:/program files (x86)/cypress/psoc creator/4.4/psoc creator/import/gnu/arm/5.4.1/bin/../lib/gcc/arm-none-eabi/5.4.1/../../../../arm-none-eabi/lib/armv7-m\libnosys.a
END GROUP
                0x00000000                CY_APPL_ORIGIN = 0x0
                0x00000100                CY_FLASH_ROW_SIZE = 0x100
                0x00000020                CY_ECC_ROW_SIZE = 0x20
                0x00000000                CY_EE_IN_BTLDR = 0x0
                0x00000000                CY_APPL_LOADABLE = 0x0
                0x00000800                CY_EE_SIZE = 0x800
                0x00000001                CY_APPL_NUM = 0x1
                0x00000001                CY_APPL_MAX = 0x1
                0x00000040                CY_METADATA_SIZE = 0x40
                0x00000000                CY_APPL_LOADABLE = 0x0
                0x00000000                CY_CHECKSUM_EXCLUDE_SIZE = ALIGN (0x0, CY_FLASH_ROW_SIZE)
                [!provide]                PROVIDE (__cy_heap_start, _end)
                0x00000001                PROVIDE (__cy_region_num, ((__cy_regions_end - __cy_regions) / 0x10))
                0x20008000                PROVIDE (__cy_stack, (ORIGIN (ram) + LENGTH (ram)))
                [!provide]                PROVIDE (__cy_heap_end, (__cy_stack - 0x1200))

.cybootloader   0x00000000        0x0
 *(.cybootloader)
                0x00000000                appl1_start = CY_APPL_ORIGIN?CY_APPL_ORIGIN:ALIGN (CY_FLASH_ROW_SIZE)
                0x0001ff00                appl2_start = (appl1_start + ALIGN ((((LENGTH (rom) - appl1_start) - (0x2 * CY_FLASH_ROW_SIZE)) / 0x2), CY_FLASH_ROW_SIZE))
                0x00000000                appl_start = (CY_APPL_NUM == 0x1)?appl1_start:appl2_start
                0x00000000                ecc_offset = ((appl_start / CY_FLASH_ROW_SIZE) * CY_ECC_ROW_SIZE)
                0x00000000                ee_offset = (CY_APPL_LOADABLE && ! (CY_EE_IN_BTLDR))?((CY_EE_SIZE / CY_APPL_MAX) * (CY_APPL_NUM - 0x1)):0x0
                0x00000800                ee_size = (CY_APPL_LOADABLE && ! (CY_EE_IN_BTLDR))?(CY_EE_SIZE / CY_APPL_MAX):CY_EE_SIZE
                [!provide]                PROVIDE (CY_ECC_OFFSET, ecc_offset)

.text           0x00000000     0x5c60
 CREATE_OBJECT_SYMBOLS
                0x00000000                PROVIDE (__cy_interrupt_vector, RomVectors)
 *(.romvectors)
 .romvectors    0x00000000       0x10 .\CortexM3\ARM_GCC_541\Debug\Cm3Start.o
                0x00000000                RomVectors
                0x00000001                ASSERT ((. != __cy_interrupt_vector), No interrupt vector)
                0x00000001                ASSERT (CY_APPL_ORIGIN?(SIZEOF (.cybootloader) <= CY_APPL_ORIGIN):0x1, Wrong image location)
                0x00000010                PROVIDE (__cy_reset, Reset)
 *(.text.Reset)
 .text.Reset    0x00000010       0x18 .\CortexM3\ARM_GCC_541\Debug\Cm3Start.o
                0x00000010                Reset
                0x00000001                ASSERT ((. != __cy_reset), No reset code)
 *(.dma_init)
                0x00000001                ASSERT ((((appl_start + .) <= 0x10000) || 0x1), DMA Init must be within the first 64k of flash)
 *(.text .text.* .gnu.linkonce.t.*)
 .text          0x00000028       0x5c c:/program files (x86)/cypress/psoc creator/4.4/psoc creator/import/gnu/arm/5.4.1/bin/../lib/gcc/arm-none-eabi/5.4.1/armv7-m/crtbegin.o
 .text.MyUartISR
                0x00000084       0x7c .\CortexM3\ARM_GCC_541\Debug\main.o
                0x00000084                MyUartISR
 .text.vDisplayData
                0x00000100       0xb4 .\CortexM3\ARM_GCC_541\Debug\main.o
                0x00000100                vDisplayData
 .text.vUARTComm
                0x000001b4       0x98 .\CortexM3\ARM_GCC_541\Debug\main.o
                0x000001b4                vUARTComm
 .text.vTasks   0x0000024c       0xc8 .\CortexM3\ARM_GCC_541\Debug\main.o
                0x0000024c                vTasks
 .text.MyPSOCSetup
                0x00000314       0x44 .\CortexM3\ARM_GCC_541\Debug\main.o
                0x00000314                MyPSOCSetup
 .text.main     0x00000358      0x12c .\CortexM3\ARM_GCC_541\Debug\main.o
                0x00000358                main
 .text.GetTemp  0x00000484       0x30 .\CortexM3\ARM_GCC_541\Debug\main.o
                0x00000484                GetTemp
 *fill*         0x000004b4        0x4 
 .text.vGetData
                0x000004b8      0x160 .\CortexM3\ARM_GCC_541\Debug\main.o
                0x000004b8                vGetData
 .text.prvTaskExitError
                0x00000618       0x20 .\CortexM3\ARM_GCC_541\Debug\port.o
 .text.prvPortStartFirstTask
                0x00000638       0x20 .\CortexM3\ARM_GCC_541\Debug\port.o
 .text.pxPortInitialiseStack
                0x00000658       0x24 .\CortexM3\ARM_GCC_541\Debug\port.o
                0x00000658                pxPortInitialiseStack
 *fill*         0x0000067c        0x4 
 .text.vPortSVCHandler
                0x00000680       0x24 .\CortexM3\ARM_GCC_541\Debug\port.o
                0x00000680                vPortSVCHandler
 .text.vPortEnterCritical
                0x000006a4       0x20 .\CortexM3\ARM_GCC_541\Debug\port.o
                0x000006a4                vPortEnterCritical
 .text.vPortExitCritical
                0x000006c4       0x14 .\CortexM3\ARM_GCC_541\Debug\port.o
                0x000006c4                vPortExitCritical
 *fill*         0x000006d8        0x8 
 .text.xPortPendSVHandler
                0x000006e0       0x44 .\CortexM3\ARM_GCC_541\Debug\port.o
                0x000006e0                xPortPendSVHandler
 .text.xPortSysTickHandler
                0x00000724       0x2c .\CortexM3\ARM_GCC_541\Debug\port.o
                0x00000724                xPortSysTickHandler
 .text.vPortSetupTimerInterrupt
                0x00000750       0x28 .\CortexM3\ARM_GCC_541\Debug\port.o
                0x00000750                vPortSetupTimerInterrupt
 .text.xPortStartScheduler
                0x00000778       0x38 .\CortexM3\ARM_GCC_541\Debug\port.o
                0x00000778                xPortStartScheduler
 .text.pvPortMalloc
                0x000007b0       0x60 .\CortexM3\ARM_GCC_541\Debug\heap_1.o
                0x000007b0                pvPortMalloc
 .text.vPortFree
                0x00000810        0x4 .\CortexM3\ARM_GCC_541\Debug\heap_1.o
                0x00000810                vPortFree
 .text.FreeRTOS_Init
                0x00000814       0x20 .\CortexM3\ARM_GCC_541\Debug\FreeRTOS_PSoC.o
                0x00000814                FreeRTOS_Init
 .text.vListInitialise
                0x00000834       0x18 .\CortexM3\ARM_GCC_541\Debug\list.o
                0x00000834                vListInitialise
 .text.vListInitialiseItem
                0x0000084c        0x8 .\CortexM3\ARM_GCC_541\Debug\list.o
                0x0000084c                vListInitialiseItem
 .text.vListInsertEnd
                0x00000854       0x18 .\CortexM3\ARM_GCC_541\Debug\list.o
                0x00000854                vListInsertEnd
 .text.vListInsert
                0x0000086c       0x34 .\CortexM3\ARM_GCC_541\Debug\list.o
                0x0000086c                vListInsert
 .text.uxListRemove
                0x000008a0       0x28 .\CortexM3\ARM_GCC_541\Debug\list.o
                0x000008a0                uxListRemove
 .text.prvIsQueueFull
                0x000008c8       0x20 .\CortexM3\ARM_GCC_541\Debug\queue.o
 .text.prvIsQueueEmpty
                0x000008e8       0x1c .\CortexM3\ARM_GCC_541\Debug\queue.o
 .text.prvCopyDataToQueue
                0x00000904       0x78 .\CortexM3\ARM_GCC_541\Debug\queue.o
 .text.prvCopyDataFromQueue
                0x0000097c       0x24 .\CortexM3\ARM_GCC_541\Debug\queue.o
 .text.prvUnlockQueue
                0x000009a0       0x68 .\CortexM3\ARM_GCC_541\Debug\queue.o
 .text.xQueueGenericReset
                0x00000a08       0x6c .\CortexM3\ARM_GCC_541\Debug\queue.o
                0x00000a08                xQueueGenericReset
 .text.prvInitialiseNewQueue
                0x00000a74       0x1c .\CortexM3\ARM_GCC_541\Debug\queue.o
 .text.xQueueGenericCreate
                0x00000a90       0x30 .\CortexM3\ARM_GCC_541\Debug\queue.o
                0x00000a90                xQueueGenericCreate
 .text.xQueueGenericSend
                0x00000ac0      0x108 .\CortexM3\ARM_GCC_541\Debug\queue.o
                0x00000ac0                xQueueGenericSend
 .text.xQueueReceive
                0x00000bc8       0xf8 .\CortexM3\ARM_GCC_541\Debug\queue.o
                0x00000bc8                xQueueReceive
 .text.prvBytesInBuffer
                0x00000cc0       0x14 .\CortexM3\ARM_GCC_541\Debug\stream_buffer.o
 .text.prvInitialiseNewStreamBuffer
                0x00000cd4       0x20 .\CortexM3\ARM_GCC_541\Debug\stream_buffer.o
 .text.prvWriteBytesToBuffer
                0x00000cf4       0x44 .\CortexM3\ARM_GCC_541\Debug\stream_buffer.o
 .text.prvWriteMessageToBuffer
                0x00000d38       0x54 .\CortexM3\ARM_GCC_541\Debug\stream_buffer.o
 .text.prvReadBytesFromBuffer
                0x00000d8c       0x4c .\CortexM3\ARM_GCC_541\Debug\stream_buffer.o
 .text.prvReadMessageFromBuffer
                0x00000dd8       0x44 .\CortexM3\ARM_GCC_541\Debug\stream_buffer.o
 .text.xStreamBufferGenericCreate
                0x00000e1c       0x34 .\CortexM3\ARM_GCC_541\Debug\stream_buffer.o
                0x00000e1c                xStreamBufferGenericCreate
 .text.xStreamBufferSpacesAvailable
                0x00000e50       0x14 .\CortexM3\ARM_GCC_541\Debug\stream_buffer.o
                0x00000e50                xStreamBufferSpacesAvailable
 .text.xStreamBufferSendFromISR
                0x00000e64       0x78 .\CortexM3\ARM_GCC_541\Debug\stream_buffer.o
                0x00000e64                xStreamBufferSendFromISR
 .text.xStreamBufferReceive
                0x00000edc       0xa4 .\CortexM3\ARM_GCC_541\Debug\stream_buffer.o
                0x00000edc                xStreamBufferReceive
 .text.prvResetNextTaskUnblockTime
                0x00000f80       0x24 .\CortexM3\ARM_GCC_541\Debug\tasks.o
 .text.prvDeleteTCB
                0x00000fa4       0x14 .\CortexM3\ARM_GCC_541\Debug\tasks.o
 .text.prvInitialiseNewTask
                0x00000fb8       0x9c .\CortexM3\ARM_GCC_541\Debug\tasks.o
 .text.prvInitialiseTaskLists
                0x00001054       0x58 .\CortexM3\ARM_GCC_541\Debug\tasks.o
 .text.prvAddNewTaskToReadyList
                0x000010ac       0xac .\CortexM3\ARM_GCC_541\Debug\tasks.o
 .text.prvCheckTasksWaitingTermination
                0x00001158       0x44 .\CortexM3\ARM_GCC_541\Debug\tasks.o
 .text.prvIdleTask
                0x0000119c        0x8 .\CortexM3\ARM_GCC_541\Debug\tasks.o
 .text.prvAddCurrentTaskToDelayedList
                0x000011a4       0x84 .\CortexM3\ARM_GCC_541\Debug\tasks.o
 .text.xTaskCreate
                0x00001228       0x64 .\CortexM3\ARM_GCC_541\Debug\tasks.o
                0x00001228                xTaskCreate
 .text.vTaskStartScheduler
                0x0000128c       0x58 .\CortexM3\ARM_GCC_541\Debug\tasks.o
                0x0000128c                vTaskStartScheduler
 .text.vTaskSuspendAll
                0x000012e4       0x14 .\CortexM3\ARM_GCC_541\Debug\tasks.o
                0x000012e4                vTaskSuspendAll
 .text.xTaskIncrementTick
                0x000012f8      0x100 .\CortexM3\ARM_GCC_541\Debug\tasks.o
                0x000012f8                xTaskIncrementTick
 .text.xTaskResumeAll
                0x000013f8       0xd8 .\CortexM3\ARM_GCC_541\Debug\tasks.o
                0x000013f8                xTaskResumeAll
 .text.vTaskDelay
                0x000014d0       0x34 .\CortexM3\ARM_GCC_541\Debug\tasks.o
                0x000014d0                vTaskDelay
 .text.vTaskSwitchContext
                0x00001504       0x70 .\CortexM3\ARM_GCC_541\Debug\tasks.o
                0x00001504                vTaskSwitchContext
 .text.vTaskPlaceOnEventList
                0x00001574       0x20 .\CortexM3\ARM_GCC_541\Debug\tasks.o
                0x00001574                vTaskPlaceOnEventList
 .text.xTaskRemoveFromEventList
                0x00001594       0x74 .\CortexM3\ARM_GCC_541\Debug\tasks.o
                0x00001594                xTaskRemoveFromEventList
 .text.vTaskInternalSetTimeOutState
                0x00001608       0x14 .\CortexM3\ARM_GCC_541\Debug\tasks.o
                0x00001608                vTaskInternalSetTimeOutState
 .text.xTaskCheckForTimeOut
                0x0000161c       0x58 .\CortexM3\ARM_GCC_541\Debug\tasks.o
                0x0000161c                xTaskCheckForTimeOut
 .text.vTaskMissedYield
                0x00001674       0x10 .\CortexM3\ARM_GCC_541\Debug\tasks.o
                0x00001674                vTaskMissedYield
 .text.xTaskGetCurrentTaskHandle
                0x00001684        0xc .\CortexM3\ARM_GCC_541\Debug\tasks.o
                0x00001684                xTaskGetCurrentTaskHandle
 .text.xTaskPriorityDisinherit
                0x00001690       0x88 .\CortexM3\ARM_GCC_541\Debug\tasks.o
                0x00001690                xTaskPriorityDisinherit
 .text.xTaskNotifyWait
                0x00001718       0xa4 .\CortexM3\ARM_GCC_541\Debug\tasks.o
                0x00001718                xTaskNotifyWait
 .text.xTaskGenericNotify
                0x000017bc       0xb8 .\CortexM3\ARM_GCC_541\Debug\tasks.o
                0x000017bc                xTaskGenericNotify
 .text.xTaskGenericNotifyFromISR
                0x00001874       0xd8 .\CortexM3\ARM_GCC_541\Debug\tasks.o
                0x00001874                xTaskGenericNotifyFromISR
 .text.xTaskNotifyStateClear
                0x0000194c       0x34 .\CortexM3\ARM_GCC_541\Debug\tasks.o
                0x0000194c                xTaskNotifyStateClear
 .text.CyClockStartupError
                0x00001980        0x4 .\CortexM3\ARM_GCC_541\Debug\cyfitter_cfg.o
 .text.cfg_write_bytes32
                0x00001984       0x34 .\CortexM3\ARM_GCC_541\Debug\cyfitter_cfg.o
 .text.CYMEMZERO
                0x000019b8        0xc .\CortexM3\ARM_GCC_541\Debug\cyfitter_cfg.o
 .text.AnalogSetDefault
                0x000019c4       0x68 .\CortexM3\ARM_GCC_541\Debug\cyfitter_cfg.o
 .text.CYCONFIGCPY
                0x00001a2c        0x8 .\CortexM3\ARM_GCC_541\Debug\cyfitter_cfg.o
 .text.ClockSetup
                0x00001a34       0xf8 .\CortexM3\ARM_GCC_541\Debug\cyfitter_cfg.o
 .text.AMUX_Set
                0x00001b2c       0x34 .\CortexM3\ARM_GCC_541\Debug\cyfitter_cfg.o
                0x00001b2c                AMUX_Set
 .text.AMUX_Unset
                0x00001b60       0x38 .\CortexM3\ARM_GCC_541\Debug\cyfitter_cfg.o
                0x00001b60                AMUX_Unset
 .text.cyfitter_cfg
                0x00001b98      0x124 .\CortexM3\ARM_GCC_541\Debug\cyfitter_cfg.o
                0x00001b98                cyfitter_cfg
 .text.IntDefaultHandler
                0x00001cbc       0x10 .\CortexM3\ARM_GCC_541\Debug\Cm3Start.o
                0x00001cbc                IntDefaultHandler
 .text._sbrk    0x00001ccc       0x30 .\CortexM3\ARM_GCC_541\Debug\Cm3Start.o
                0x00001ccc                _sbrk
 .text.Start_c  0x00001cfc       0x4c .\CortexM3\ARM_GCC_541\Debug\Cm3Start.o
                0x00001cfc                Start_c
 .text.initialize_psoc
                0x00001d48       0x68 .\CortexM3\ARM_GCC_541\Debug\Cm3Start.o
                0x00001d48                initialize_psoc
 .text.CyHalt   0x00001db0        0x4 .\CortexM3\ARM_GCC_541\Debug\Project1A.a(CyLib.o)
                0x00001db0                CyHalt
 .text.CyDelay  0x00001db4       0x2c .\CortexM3\ARM_GCC_541\Debug\Project1A.a(CyLib.o)
                0x00001db4                CyDelay
 .text.CyDelayUs
                0x00001de0       0x14 .\CortexM3\ARM_GCC_541\Debug\Project1A.a(CyLib.o)
                0x00001de0                CyDelayUs
 .text.CyIntSetVector
                0x00001df4       0x28 .\CortexM3\ARM_GCC_541\Debug\Project1A.a(CyLib.o)
                0x00001df4                CyIntSetVector
 .text.CyIntSetPriority
                0x00001e1c       0x30 .\CortexM3\ARM_GCC_541\Debug\Project1A.a(CyLib.o)
                0x00001e1c                CyIntSetPriority
 .text.LCD_WrCntrlNib
                0x00001e4c       0x34 .\CortexM3\ARM_GCC_541\Debug\Project1A.a(LCD.o)
 .text.LCD_WrDatNib
                0x00001e80       0x44 .\CortexM3\ARM_GCC_541\Debug\Project1A.a(LCD.o)
 .text.LCD_IsReady
                0x00001ec4       0xe8 .\CortexM3\ARM_GCC_541\Debug\Project1A.a(LCD.o)
                0x00001ec4                LCD_IsReady
 .text.LCD_WriteData
                0x00001fac       0x18 .\CortexM3\ARM_GCC_541\Debug\Project1A.a(LCD.o)
                0x00001fac                LCD_WriteData
 .text.LCD_PrintString
                0x00001fc4       0x1c .\CortexM3\ARM_GCC_541\Debug\Project1A.a(LCD.o)
                0x00001fc4                LCD_PrintString
 .text.LCD_WriteControl
                0x00001fe0       0x18 .\CortexM3\ARM_GCC_541\Debug\Project1A.a(LCD.o)
                0x00001fe0                LCD_WriteControl
 .text.LCD_Init
                0x00001ff8       0x6c .\CortexM3\ARM_GCC_541\Debug\Project1A.a(LCD.o)
                0x00001ff8                LCD_Init
 .text.LCD_Enable
                0x00002064       0x14 .\CortexM3\ARM_GCC_541\Debug\Project1A.a(LCD.o)
                0x00002064                LCD_Enable
 .text.LCD_Start
                0x00002078       0x1c .\CortexM3\ARM_GCC_541\Debug\Project1A.a(LCD.o)
                0x00002078                LCD_Start
 .text.LCD_Position
                0x00002094       0x3c .\CortexM3\ARM_GCC_541\Debug\Project1A.a(LCD.o)
                0x00002094                LCD_Position
 .text.AMUX_Start
                0x000020d0       0x20 .\CortexM3\ARM_GCC_541\Debug\Project1A.a(AMUX.o)
                0x000020d0                AMUX_Start
 .text.AMUX_Select
                0x000020f0       0x18 .\CortexM3\ARM_GCC_541\Debug\Project1A.a(AMUX.o)
                0x000020f0                AMUX_Select
 .text.SARADC_CalcGain
                0x00002108       0x64 .\CortexM3\ARM_GCC_541\Debug\Project1A.a(SARADC.o)
 .text.SARADC_Enable
                0x0000216c       0x94 .\CortexM3\ARM_GCC_541\Debug\Project1A.a(SARADC.o)
                0x0000216c                SARADC_Enable
 .text.SARADC_SetResolution
                0x00002200       0x38 .\CortexM3\ARM_GCC_541\Debug\Project1A.a(SARADC.o)
                0x00002200                SARADC_SetResolution
 .text.SARADC_Init
                0x00002238       0x3c .\CortexM3\ARM_GCC_541\Debug\Project1A.a(SARADC.o)
                0x00002238                SARADC_Init
 .text.SARADC_Start
                0x00002274       0x1c .\CortexM3\ARM_GCC_541\Debug\Project1A.a(SARADC.o)
                0x00002274                SARADC_Start
 .text.SARADC_StartConvert
                0x00002290       0x18 .\CortexM3\ARM_GCC_541\Debug\Project1A.a(SARADC.o)
                0x00002290                SARADC_StartConvert
 .text.SARADC_IsEndConversion
                0x000022a8       0x24 .\CortexM3\ARM_GCC_541\Debug\Project1A.a(SARADC.o)
                0x000022a8                SARADC_IsEndConversion
 .text.SARADC_GetResult16
                0x000022cc       0x18 .\CortexM3\ARM_GCC_541\Debug\Project1A.a(SARADC.o)
                0x000022cc                SARADC_GetResult16
 .text.SARADC_ISR
                0x000022e4        0x4 .\CortexM3\ARM_GCC_541\Debug\Project1A.a(SARADC_INT.o)
                0x000022e4                SARADC_ISR
 .text.SERVOPWM_Enable
                0x000022e8       0x10 .\CortexM3\ARM_GCC_541\Debug\Project1A.a(SERVOPWM.o)
                0x000022e8                SERVOPWM_Enable
 .text.SERVOPWM_WriteCounter
                0x000022f8        0xc .\CortexM3\ARM_GCC_541\Debug\Project1A.a(SERVOPWM.o)
                0x000022f8                SERVOPWM_WriteCounter
 .text.SERVOPWM_WritePeriod
                0x00002304        0xc .\CortexM3\ARM_GCC_541\Debug\Project1A.a(SERVOPWM.o)
                0x00002304                SERVOPWM_WritePeriod
 .text.SERVOPWM_WriteCompare
                0x00002310        0xc .\CortexM3\ARM_GCC_541\Debug\Project1A.a(SERVOPWM.o)
                0x00002310                SERVOPWM_WriteCompare
 .text.SERVOPWM_SetInterruptMode
                0x0000231c        0xc .\CortexM3\ARM_GCC_541\Debug\Project1A.a(SERVOPWM.o)
                0x0000231c                SERVOPWM_SetInterruptMode
 .text.SERVOPWM_ReadStatusRegister
                0x00002328        0xc .\CortexM3\ARM_GCC_541\Debug\Project1A.a(SERVOPWM.o)
                0x00002328                SERVOPWM_ReadStatusRegister
 .text.SERVOPWM_ReadCapture
                0x00002334        0xc .\CortexM3\ARM_GCC_541\Debug\Project1A.a(SERVOPWM.o)
                0x00002334                SERVOPWM_ReadCapture
 .text.SERVOPWM_ClearFIFO
                0x00002340       0x14 .\CortexM3\ARM_GCC_541\Debug\Project1A.a(SERVOPWM.o)
                0x00002340                SERVOPWM_ClearFIFO
 .text.SERVOPWM_Init
                0x00002354       0x64 .\CortexM3\ARM_GCC_541\Debug\Project1A.a(SERVOPWM.o)
                0x00002354                SERVOPWM_Init
 .text.SERVOPWM_Start
                0x000023b8       0x1c .\CortexM3\ARM_GCC_541\Debug\Project1A.a(SERVOPWM.o)
                0x000023b8                SERVOPWM_Start
 .text.UART_Init
                0x000023d4       0x5c .\CortexM3\ARM_GCC_541\Debug\Project1A.a(UART.o)
                0x000023d4                UART_Init
 .text.UART_Enable
                0x00002430       0x50 .\CortexM3\ARM_GCC_541\Debug\Project1A.a(UART.o)
                0x00002430                UART_Enable
 .text.UART_Start
                0x00002480       0x1c .\CortexM3\ARM_GCC_541\Debug\Project1A.a(UART.o)
                0x00002480                UART_Start
 .text.UART_ReadRxData
                0x0000249c       0x64 .\CortexM3\ARM_GCC_541\Debug\Project1A.a(UART.o)
                0x0000249c                UART_ReadRxData
 .text.UART_GetChar
                0x00002500       0x80 .\CortexM3\ARM_GCC_541\Debug\Project1A.a(UART.o)
                0x00002500                UART_GetChar
 .text.UART_GetRxBufferSize
                0x00002580       0x60 .\CortexM3\ARM_GCC_541\Debug\Project1A.a(UART.o)
                0x00002580                UART_GetRxBufferSize
 .text.UART_ClearRxBuffer
                0x000025e0       0x44 .\CortexM3\ARM_GCC_541\Debug\Project1A.a(UART.o)
                0x000025e0                UART_ClearRxBuffer
 .text.UART_PutChar
                0x00002624       0x70 .\CortexM3\ARM_GCC_541\Debug\Project1A.a(UART.o)
                0x00002624                UART_PutChar
 .text.UART_PutString
                0x00002694       0x24 .\CortexM3\ARM_GCC_541\Debug\Project1A.a(UART.o)
                0x00002694                UART_PutString
 .text.UART_ClearTxBuffer
                0x000026b8       0x40 .\CortexM3\ARM_GCC_541\Debug\Project1A.a(UART.o)
                0x000026b8                UART_ClearTxBuffer
 .text.UART_RXISR
                0x000026f8       0x98 .\CortexM3\ARM_GCC_541\Debug\Project1A.a(UART_INT.o)
                0x000026f8                UART_RXISR
 .text.UART_TXISR
                0x00002790       0x58 .\CortexM3\ARM_GCC_541\Debug\Project1A.a(UART_INT.o)
                0x00002790                UART_TXISR
 .text.ISR_UART_SetVector
                0x000027e8        0xc .\CortexM3\ARM_GCC_541\Debug\Project1A.a(ISR_UART.o)
                0x000027e8                ISR_UART_SetVector
 .text.ISR_UART_SetPriority
                0x000027f4       0x10 .\CortexM3\ARM_GCC_541\Debug\Project1A.a(ISR_UART.o)
                0x000027f4                ISR_UART_SetPriority
 .text.ISR_UART_Enable
                0x00002804        0xc .\CortexM3\ARM_GCC_541\Debug\Project1A.a(ISR_UART.o)
                0x00002804                ISR_UART_Enable
 .text.ISR_UART_Disable
                0x00002810        0xc .\CortexM3\ARM_GCC_541\Debug\Project1A.a(ISR_UART.o)
                0x00002810                ISR_UART_Disable
 .text.ISR_UART_StartEx
                0x0000281c       0x1c .\CortexM3\ARM_GCC_541\Debug\Project1A.a(ISR_UART.o)
                0x0000281c                ISR_UART_StartEx
 .text.SARADC_theACLK_SetModeRegister
                0x00002838       0x14 .\CortexM3\ARM_GCC_541\Debug\Project1A.a(SARADC_theACLK.o)
                0x00002838                SARADC_theACLK_SetModeRegister
 .text.UART_IntClock_Start
                0x0000284c       0x1c .\CortexM3\ARM_GCC_541\Debug\Project1A.a(UART_IntClock.o)
                0x0000284c                UART_IntClock_Start
 .text.UVLight_Write
                0x00002868       0x18 .\CortexM3\ARM_GCC_541\Debug\Project1A.a(UVLight.o)
                0x00002868                UVLight_Write
 .text.Fan_Write
                0x00002880       0x18 .\CortexM3\ARM_GCC_541\Debug\Project1A.a(Fan.o)
                0x00002880                Fan_Write
 .text.HeatPad_Write
                0x00002898       0x18 .\CortexM3\ARM_GCC_541\Debug\Project1A.a(HeatPad.o)
                0x00002898                HeatPad_Write
 .text          0x000028b0       0x20 .\CortexM3\ARM_GCC_541\Debug\Project1A.a(CyBootAsmGnu.o)
                0x000028b0                CyDelayCycles
                0x000028c0                CyEnterCriticalSection
                0x000028c8                CyExitCriticalSection
 .text.log      0x000028d0      0x100 c:/program files (x86)/cypress/psoc creator/4.4/psoc creator/import/gnu/arm/5.4.1/bin/../lib/gcc/arm-none-eabi/5.4.1/../../../../arm-none-eabi/lib/armv7-m\libm.a(lib_a-w_log.o)
                0x000028d0                log
 .text.__ieee754_log
                0x000029d0      0x3e8 c:/program files (x86)/cypress/psoc creator/4.4/psoc creator/import/gnu/arm/5.4.1/bin/../lib/gcc/arm-none-eabi/5.4.1/../../../../arm-none-eabi/lib/armv7-m\libm.a(lib_a-e_log.o)
                0x000029d0                __ieee754_log
 .text.matherr  0x00002db8        0x4 c:/program files (x86)/cypress/psoc creator/4.4/psoc creator/import/gnu/arm/5.4.1/bin/../lib/gcc/arm-none-eabi/5.4.1/../../../../arm-none-eabi/lib/armv7-m\libm.a(lib_a-s_matherr.o)
                0x00002db8                matherr
 .text.nan      0x00002dbc        0xc c:/program files (x86)/cypress/psoc creator/4.4/psoc creator/import/gnu/arm/5.4.1/bin/../lib/gcc/arm-none-eabi/5.4.1/../../../../arm-none-eabi/lib/armv7-m\libm.a(lib_a-s_nan.o)
                0x00002dbc                nan
 .text          0x00002dc8      0x370 c:/program files (x86)/cypress/psoc creator/4.4/psoc creator/import/gnu/arm/5.4.1/bin/../lib/gcc/arm-none-eabi/5.4.1/armv7-m\libgcc.a(_arm_addsubdf3.o)
                0x00002dc8                __aeabi_drsub
                0x00002dd0                __aeabi_dsub
                0x00002dd0                __subdf3
                0x00002dd4                __aeabi_dadd
                0x00002dd4                __adddf3
                0x0000304c                __floatunsidf
                0x0000304c                __aeabi_ui2d
                0x0000306c                __floatsidf
                0x0000306c                __aeabi_i2d
                0x00003090                __aeabi_f2d
                0x00003090                __extendsfdf2
                0x000030cc                __floatundidf
                0x000030cc                __aeabi_ul2d
                0x000030dc                __floatdidf
                0x000030dc                __aeabi_l2d
 .text          0x00003138      0x424 c:/program files (x86)/cypress/psoc creator/4.4/psoc creator/import/gnu/arm/5.4.1/bin/../lib/gcc/arm-none-eabi/5.4.1/armv7-m\libgcc.a(_arm_muldivdf3.o)
                0x00003138                __aeabi_dmul
                0x00003138                __muldf3
                0x0000338c                __divdf3
                0x0000338c                __aeabi_ddiv
 .text          0x0000355c      0x110 c:/program files (x86)/cypress/psoc creator/4.4/psoc creator/import/gnu/arm/5.4.1/bin/../lib/gcc/arm-none-eabi/5.4.1/armv7-m\libgcc.a(_arm_cmpdf2.o)
                0x0000355c                __gtdf2
                0x0000355c                __gedf2
                0x00003564                __ltdf2
                0x00003564                __ledf2
                0x0000356c                __nedf2
                0x0000356c                __eqdf2
                0x0000356c                __cmpdf2
                0x000035e8                __aeabi_cdrcmple
                0x000035f8                __aeabi_cdcmpeq
                0x000035f8                __aeabi_cdcmple
                0x00003608                __aeabi_dcmpeq
                0x0000361c                __aeabi_dcmplt
                0x00003630                __aeabi_dcmple
                0x00003644                __aeabi_dcmpge
                0x00003658                __aeabi_dcmpgt
 .text          0x0000366c       0x2c c:/program files (x86)/cypress/psoc creator/4.4/psoc creator/import/gnu/arm/5.4.1/bin/../lib/gcc/arm-none-eabi/5.4.1/armv7-m\libgcc.a(_arm_unorddf2.o)
                0x0000366c                __unorddf2
                0x0000366c                __aeabi_dcmpun
 .text          0x00003698      0x21c c:/program files (x86)/cypress/psoc creator/4.4/psoc creator/import/gnu/arm/5.4.1/bin/../lib/gcc/arm-none-eabi/5.4.1/armv7-m\libgcc.a(_arm_addsubsf3.o)
                0x00003698                __aeabi_frsub
                0x000036a0                __subsf3
                0x000036a0                __aeabi_fsub
                0x000036a4                __aeabi_fadd
                0x000036a4                __addsf3
                0x00003804                __aeabi_ui2f
                0x00003804                __floatunsisf
                0x0000380c                __aeabi_i2f
                0x0000380c                __floatsisf
                0x00003828                __aeabi_ul2f
                0x00003828                __floatundisf
                0x00003838                __aeabi_l2f
                0x00003838                __floatdisf
 .text          0x000038b4      0x2a0 c:/program files (x86)/cypress/psoc creator/4.4/psoc creator/import/gnu/arm/5.4.1/bin/../lib/gcc/arm-none-eabi/5.4.1/armv7-m\libgcc.a(_arm_muldivsf3.o)
                0x000038b4                __mulsf3
                0x000038b4                __aeabi_fmul
                0x00003a1c                __aeabi_fdiv
                0x00003a1c                __divsf3
 .text.__errno  0x00003b54        0xc c:/program files (x86)/cypress/psoc creator/4.4/psoc creator/import/gnu/arm/5.4.1/bin/../lib/gcc/arm-none-eabi/5.4.1/../../../../arm-none-eabi/lib/armv7-m\libg_nano.a(lib_a-errno.o)
                0x00003b54                __errno
 .text.__libc_init_array
                0x00003b60       0x4c c:/program files (x86)/cypress/psoc creator/4.4/psoc creator/import/gnu/arm/5.4.1/bin/../lib/gcc/arm-none-eabi/5.4.1/../../../../arm-none-eabi/lib/armv7-m\libg_nano.a(lib_a-init.o)
                0x00003b60                __libc_init_array
 .text.memcpy   0x00003bac       0x16 c:/program files (x86)/cypress/psoc creator/4.4/psoc creator/import/gnu/arm/5.4.1/bin/../lib/gcc/arm-none-eabi/5.4.1/../../../../arm-none-eabi/lib/armv7-m\libg_nano.a(lib_a-memcpy-stub.o)
                0x00003bac                memcpy
 .text.memset   0x00003bc2       0x10 c:/program files (x86)/cypress/psoc creator/4.4/psoc creator/import/gnu/arm/5.4.1/bin/../lib/gcc/arm-none-eabi/5.4.1/../../../../arm-none-eabi/lib/armv7-m\libg_nano.a(lib_a-memset.o)
                0x00003bc2                memset
 .text.__cvt    0x00003bd2       0xc0 c:/program files (x86)/cypress/psoc creator/4.4/psoc creator/import/gnu/arm/5.4.1/bin/../lib/gcc/arm-none-eabi/5.4.1/../../../../arm-none-eabi/lib/armv7-m\libg_nano.a(lib_a-nano-vfprintf_float.o)
                0x00003bd2                __cvt
 .text.__exponent
                0x00003c92       0x62 c:/program files (x86)/cypress/psoc creator/4.4/psoc creator/import/gnu/arm/5.4.1/bin/../lib/gcc/arm-none-eabi/5.4.1/../../../../arm-none-eabi/lib/armv7-m\libg_nano.a(lib_a-nano-vfprintf_float.o)
                0x00003c92                __exponent
 .text._printf_float
                0x00003cf4      0x488 c:/program files (x86)/cypress/psoc creator/4.4/psoc creator/import/gnu/arm/5.4.1/bin/../lib/gcc/arm-none-eabi/5.4.1/../../../../arm-none-eabi/lib/armv7-m\libg_nano.a(lib_a-nano-vfprintf_float.o)
                0x00003cf4                _printf_float
 .text._printf_common
                0x0000417c       0xec c:/program files (x86)/cypress/psoc creator/4.4/psoc creator/import/gnu/arm/5.4.1/bin/../lib/gcc/arm-none-eabi/5.4.1/../../../../arm-none-eabi/lib/armv7-m\libg_nano.a(lib_a-nano-vfprintf_i.o)
                0x0000417c                _printf_common
 .text._printf_i
                0x00004268      0x24c c:/program files (x86)/cypress/psoc creator/4.4/psoc creator/import/gnu/arm/5.4.1/bin/../lib/gcc/arm-none-eabi/5.4.1/../../../../arm-none-eabi/lib/armv7-m\libg_nano.a(lib_a-nano-vfprintf_i.o)
                0x00004268                _printf_i
 .text.sprintf  0x000044b4       0x48 c:/program files (x86)/cypress/psoc creator/4.4/psoc creator/import/gnu/arm/5.4.1/bin/../lib/gcc/arm-none-eabi/5.4.1/../../../../arm-none-eabi/lib/armv7-m\libg_nano.a(lib_a-sprintf.o)
                0x000044b4                siprintf
                0x000044b4                sprintf
 .text          0x000044fc       0x14 c:/program files (x86)/cypress/psoc creator/4.4/psoc creator/import/gnu/arm/5.4.1/bin/../lib/gcc/arm-none-eabi/5.4.1/../../../../arm-none-eabi/lib/armv7-m\libg_nano.a(lib_a-strcmp.o)
                0x000044fc                strcmp
 .text          0x00004510       0x10 c:/program files (x86)/cypress/psoc creator/4.4/psoc creator/import/gnu/arm/5.4.1/bin/../lib/gcc/arm-none-eabi/5.4.1/../../../../arm-none-eabi/lib/armv7-m\libg_nano.a(lib_a-strlen.o)
                0x00004510                strlen
 .text.quorem   0x00004520      0x116 c:/program files (x86)/cypress/psoc creator/4.4/psoc creator/import/gnu/arm/5.4.1/bin/../lib/gcc/arm-none-eabi/5.4.1/../../../../arm-none-eabi/lib/armv7-m\libg_nano.a(lib_a-dtoa.o)
 *fill*         0x00004636        0x2 
 .text._dtoa_r  0x00004638      0xb30 c:/program files (x86)/cypress/psoc creator/4.4/psoc creator/import/gnu/arm/5.4.1/bin/../lib/gcc/arm-none-eabi/5.4.1/../../../../arm-none-eabi/lib/armv7-m\libg_nano.a(lib_a-dtoa.o)
                0x00004638                _dtoa_r
 .text._localeconv_r
                0x00005168        0x8 c:/program files (x86)/cypress/psoc creator/4.4/psoc creator/import/gnu/arm/5.4.1/bin/../lib/gcc/arm-none-eabi/5.4.1/../../../../arm-none-eabi/lib/armv7-m\libg_nano.a(lib_a-locale.o)
                0x00005168                _localeconv_r
 .text.malloc   0x00005170       0x10 c:/program files (x86)/cypress/psoc creator/4.4/psoc creator/import/gnu/arm/5.4.1/bin/../lib/gcc/arm-none-eabi/5.4.1/../../../../arm-none-eabi/lib/armv7-m\libg_nano.a(lib_a-malloc.o)
                0x00005170                malloc
 .text.memchr   0x00005180       0x1c c:/program files (x86)/cypress/psoc creator/4.4/psoc creator/import/gnu/arm/5.4.1/bin/../lib/gcc/arm-none-eabi/5.4.1/../../../../arm-none-eabi/lib/armv7-m\libg_nano.a(lib_a-memchr-stub.o)
                0x00005180                memchr
 .text._Balloc  0x0000519c       0x6a c:/program files (x86)/cypress/psoc creator/4.4/psoc creator/import/gnu/arm/5.4.1/bin/../lib/gcc/arm-none-eabi/5.4.1/../../../../arm-none-eabi/lib/armv7-m\libg_nano.a(lib_a-mprec.o)
                0x0000519c                _Balloc
 .text._Bfree   0x00005206       0x2e c:/program files (x86)/cypress/psoc creator/4.4/psoc creator/import/gnu/arm/5.4.1/bin/../lib/gcc/arm-none-eabi/5.4.1/../../../../arm-none-eabi/lib/armv7-m\libg_nano.a(lib_a-mprec.o)
                0x00005206                _Bfree
 .text.__multadd
                0x00005234       0x76 c:/program files (x86)/cypress/psoc creator/4.4/psoc creator/import/gnu/arm/5.4.1/bin/../lib/gcc/arm-none-eabi/5.4.1/../../../../arm-none-eabi/lib/armv7-m\libg_nano.a(lib_a-mprec.o)
                0x00005234                __multadd
 .text.__hi0bits
                0x000052aa       0x40 c:/program files (x86)/cypress/psoc creator/4.4/psoc creator/import/gnu/arm/5.4.1/bin/../lib/gcc/arm-none-eabi/5.4.1/../../../../arm-none-eabi/lib/armv7-m\libg_nano.a(lib_a-mprec.o)
                0x000052aa                __hi0bits
 .text.__lo0bits
                0x000052ea       0x5a c:/program files (x86)/cypress/psoc creator/4.4/psoc creator/import/gnu/arm/5.4.1/bin/../lib/gcc/arm-none-eabi/5.4.1/../../../../arm-none-eabi/lib/armv7-m\libg_nano.a(lib_a-mprec.o)
                0x000052ea                __lo0bits
 .text.__i2b    0x00005344       0x12 c:/program files (x86)/cypress/psoc creator/4.4/psoc creator/import/gnu/arm/5.4.1/bin/../lib/gcc/arm-none-eabi/5.4.1/../../../../arm-none-eabi/lib/armv7-m\libg_nano.a(lib_a-mprec.o)
                0x00005344                __i2b
 .text.__multiply
                0x00005356      0x120 c:/program files (x86)/cypress/psoc creator/4.4/psoc creator/import/gnu/arm/5.4.1/bin/../lib/gcc/arm-none-eabi/5.4.1/../../../../arm-none-eabi/lib/armv7-m\libg_nano.a(lib_a-mprec.o)
                0x00005356                __multiply
 *fill*         0x00005476        0x2 
 .text.__pow5mult
                0x00005478       0x9c c:/program files (x86)/cypress/psoc creator/4.4/psoc creator/import/gnu/arm/5.4.1/bin/../lib/gcc/arm-none-eabi/5.4.1/../../../../arm-none-eabi/lib/armv7-m\libg_nano.a(lib_a-mprec.o)
                0x00005478                __pow5mult
 .text.__lshift
                0x00005514       0xa2 c:/program files (x86)/cypress/psoc creator/4.4/psoc creator/import/gnu/arm/5.4.1/bin/../lib/gcc/arm-none-eabi/5.4.1/../../../../arm-none-eabi/lib/armv7-m\libg_nano.a(lib_a-mprec.o)
                0x00005514                __lshift
 .text.__mcmp   0x000055b6       0x38 c:/program files (x86)/cypress/psoc creator/4.4/psoc creator/import/gnu/arm/5.4.1/bin/../lib/gcc/arm-none-eabi/5.4.1/../../../../arm-none-eabi/lib/armv7-m\libg_nano.a(lib_a-mprec.o)
                0x000055b6                __mcmp
 .text.__mdiff  0x000055ee       0xbe c:/program files (x86)/cypress/psoc creator/4.4/psoc creator/import/gnu/arm/5.4.1/bin/../lib/gcc/arm-none-eabi/5.4.1/../../../../arm-none-eabi/lib/armv7-m\libg_nano.a(lib_a-mprec.o)
                0x000055ee                __mdiff
 .text.__d2b    0x000056ac       0x9c c:/program files (x86)/cypress/psoc creator/4.4/psoc creator/import/gnu/arm/5.4.1/bin/../lib/gcc/arm-none-eabi/5.4.1/../../../../arm-none-eabi/lib/armv7-m\libg_nano.a(lib_a-mprec.o)
                0x000056ac                __d2b
 .text._calloc_r
                0x00005748       0x1c c:/program files (x86)/cypress/psoc creator/4.4/psoc creator/import/gnu/arm/5.4.1/bin/../lib/gcc/arm-none-eabi/5.4.1/../../../../arm-none-eabi/lib/armv7-m\libg_nano.a(lib_a-nano-callocr.o)
                0x00005748                _calloc_r
 .text._free_r  0x00005764       0x98 c:/program files (x86)/cypress/psoc creator/4.4/psoc creator/import/gnu/arm/5.4.1/bin/../lib/gcc/arm-none-eabi/5.4.1/../../../../arm-none-eabi/lib/armv7-m\libg_nano.a(lib_a-nano-freer.o)
                0x00005764                _free_r
 .text._malloc_r
                0x000057fc       0xbc c:/program files (x86)/cypress/psoc creator/4.4/psoc creator/import/gnu/arm/5.4.1/bin/../lib/gcc/arm-none-eabi/5.4.1/../../../../arm-none-eabi/lib/armv7-m\libg_nano.a(lib_a-nano-mallocr.o)
                0x000057fc                _malloc_r
 .text.__ssputs_r
                0x000058b8       0xb2 c:/program files (x86)/cypress/psoc creator/4.4/psoc creator/import/gnu/arm/5.4.1/bin/../lib/gcc/arm-none-eabi/5.4.1/../../../../arm-none-eabi/lib/armv7-m\libg_nano.a(lib_a-nano-svfprintf.o)
                0x000058b8                __ssputs_r
 *fill*         0x0000596a        0x2 
 .text._svfprintf_r
                0x0000596c      0x1e8 c:/program files (x86)/cypress/psoc creator/4.4/psoc creator/import/gnu/arm/5.4.1/bin/../lib/gcc/arm-none-eabi/5.4.1/../../../../arm-none-eabi/lib/armv7-m\libg_nano.a(lib_a-nano-svfprintf.o)
                0x0000596c                _svfiprintf_r
                0x0000596c                _svfprintf_r
 .text._sbrk_r  0x00005b54       0x20 c:/program files (x86)/cypress/psoc creator/4.4/psoc creator/import/gnu/arm/5.4.1/bin/../lib/gcc/arm-none-eabi/5.4.1/../../../../arm-none-eabi/lib/armv7-m\libg_nano.a(lib_a-sbrkr.o)
                0x00005b54                _sbrk_r
 .text.memmove  0x00005b74       0x36 c:/program files (x86)/cypress/psoc creator/4.4/psoc creator/import/gnu/arm/5.4.1/bin/../lib/gcc/arm-none-eabi/5.4.1/../../../../arm-none-eabi/lib/armv7-m\libg_nano.a(lib_a-memmove.o)
                0x00005b74                memmove
 .text.__malloc_lock
                0x00005baa        0x2 c:/program files (x86)/cypress/psoc creator/4.4/psoc creator/import/gnu/arm/5.4.1/bin/../lib/gcc/arm-none-eabi/5.4.1/../../../../arm-none-eabi/lib/armv7-m\libg_nano.a(lib_a-mlock.o)
                0x00005baa                __malloc_lock
 .text.__malloc_unlock
                0x00005bac        0x2 c:/program files (x86)/cypress/psoc creator/4.4/psoc creator/import/gnu/arm/5.4.1/bin/../lib/gcc/arm-none-eabi/5.4.1/../../../../arm-none-eabi/lib/armv7-m\libg_nano.a(lib_a-mlock.o)
                0x00005bac                __malloc_unlock
 .text._realloc_r
                0x00005bae       0x4c c:/program files (x86)/cypress/psoc creator/4.4/psoc creator/import/gnu/arm/5.4.1/bin/../lib/gcc/arm-none-eabi/5.4.1/../../../../arm-none-eabi/lib/armv7-m\libg_nano.a(lib_a-nano-reallocr.o)
                0x00005bae                _realloc_r
 .text._malloc_usable_size_r
                0x00005bfa       0x14 c:/program files (x86)/cypress/psoc creator/4.4/psoc creator/import/gnu/arm/5.4.1/bin/../lib/gcc/arm-none-eabi/5.4.1/../../../../arm-none-eabi/lib/armv7-m\libg_nano.a(lib_a-nano-msizer.o)
                0x00005bfa                _malloc_usable_size_r
 *fill*         0x00005c0e        0x2 
 .text          0x00005c10       0x50 c:/program files (x86)/cypress/psoc creator/4.4/psoc creator/import/gnu/arm/5.4.1/bin/../lib/gcc/arm-none-eabi/5.4.1/armv7-m\libgcc.a(_arm_fixdfsi.o)
                0x00005c10                __aeabi_d2iz
                0x00005c10                __fixdfsi
 *(.plt)
 *(.gnu.warning)
 *(.glue_7t)
 .glue_7t       0x00005c60        0x0 linker stubs
 *(.glue_7)
 .glue_7        0x00005c60        0x0 linker stubs
 *(.vfp11_veneer)
 .vfp11_veneer  0x00005c60        0x0 linker stubs
 *(.bootloader)
 *(.ARM.extab* .gnu.linkonce.armextab.*)
 *(.gcc_except_table)

.v4_bx          0x00005c60        0x0
 .v4_bx         0x00005c60        0x0 linker stubs

.iplt           0x00005c60        0x0
 .iplt          0x00005c60        0x0 c:/program files (x86)/cypress/psoc creator/4.4/psoc creator/import/gnu/arm/5.4.1/bin/../lib/gcc/arm-none-eabi/5.4.1/armv7-m/crtbegin.o

.eh_frame_hdr
 *(.eh_frame_hdr)

.eh_frame       0x00005c60        0x4
 *(.eh_frame)
 .eh_frame      0x00005c60        0x0 c:/program files (x86)/cypress/psoc creator/4.4/psoc creator/import/gnu/arm/5.4.1/bin/../lib/gcc/arm-none-eabi/5.4.1/armv7-m/crtbegin.o
 .eh_frame      0x00005c60        0x4 c:/program files (x86)/cypress/psoc creator/4.4/psoc creator/import/gnu/arm/5.4.1/bin/../lib/gcc/arm-none-eabi/5.4.1/armv7-m/crtend.o
                [!provide]                PROVIDE (__exidx_start, .)

.ARM.exidx
 *(.ARM.exidx* .gnu.linkonce.armexidx.*)
                0x00005c64                __exidx_end = .

.rodata         0x00005c68      0x318
 *(.rodata .rodata.* .gnu.linkonce.r.*)
 .rodata.str1.4
                0x00005c68      0x11a .\CortexM3\ARM_GCC_541\Debug\main.o
 *fill*         0x00005d82        0x2 
 .rodata.str1.4
                0x00005d84        0x5 .\CortexM3\ARM_GCC_541\Debug\tasks.o
 *fill*         0x00005d89        0x3 
 .rodata        0x00005d8c       0x5a .\CortexM3\ARM_GCC_541\Debug\cyfitter_cfg.o
                0x00005d8c                AMUX__addrTable
                0x00005da4                AMUX__maskTable
 *fill*         0x00005de6        0x2 
 .rodata.str1.4
                0x00005de8        0x4 c:/program files (x86)/cypress/psoc creator/4.4/psoc creator/import/gnu/arm/5.4.1/bin/../lib/gcc/arm-none-eabi/5.4.1/../../../../arm-none-eabi/lib/armv7-m\libm.a(lib_a-w_log.o)
                                  0x5 (size before relaxing)
 .rodata.str1.1
                0x00005dec        0x2 c:/program files (x86)/cypress/psoc creator/4.4/psoc creator/import/gnu/arm/5.4.1/bin/../lib/gcc/arm-none-eabi/5.4.1/../../../../arm-none-eabi/lib/armv7-m\libg_nano.a(lib_a-impure.o)
 .rodata.str1.1
                0x00005dee       0x12 c:/program files (x86)/cypress/psoc creator/4.4/psoc creator/import/gnu/arm/5.4.1/bin/../lib/gcc/arm-none-eabi/5.4.1/../../../../arm-none-eabi/lib/armv7-m\libg_nano.a(lib_a-nano-vfprintf_float.o)
 .rodata.str1.1
                0x00005e00       0x22 c:/program files (x86)/cypress/psoc creator/4.4/psoc creator/import/gnu/arm/5.4.1/bin/../lib/gcc/arm-none-eabi/5.4.1/../../../../arm-none-eabi/lib/armv7-m\libg_nano.a(lib_a-nano-vfprintf_i.o)
 .rodata.str1.1
                0x00005e22        0xd c:/program files (x86)/cypress/psoc creator/4.4/psoc creator/import/gnu/arm/5.4.1/bin/../lib/gcc/arm-none-eabi/5.4.1/../../../../arm-none-eabi/lib/armv7-m\libg_nano.a(lib_a-dtoa.o)
                                  0xf (size before relaxing)
 .rodata.str1.1
                0x00005e2f        0x8 c:/program files (x86)/cypress/psoc creator/4.4/psoc creator/import/gnu/arm/5.4.1/bin/../lib/gcc/arm-none-eabi/5.4.1/../../../../arm-none-eabi/lib/armv7-m\libg_nano.a(lib_a-locale.o)
                                  0xb (size before relaxing)
 *fill*         0x00005e37        0x1 
 .rodata.__mprec_tens
                0x00005e38       0xc8 c:/program files (x86)/cypress/psoc creator/4.4/psoc creator/import/gnu/arm/5.4.1/bin/../lib/gcc/arm-none-eabi/5.4.1/../../../../arm-none-eabi/lib/armv7-m\libg_nano.a(lib_a-mprec.o)
                0x00005e38                __mprec_tens
 .rodata.p05.5408
                0x00005f00        0xc c:/program files (x86)/cypress/psoc creator/4.4/psoc creator/import/gnu/arm/5.4.1/bin/../lib/gcc/arm-none-eabi/5.4.1/../../../../arm-none-eabi/lib/armv7-m\libg_nano.a(lib_a-mprec.o)
 *fill*         0x00005f0c        0x4 
 .rodata.__mprec_bigtens
                0x00005f10       0x28 c:/program files (x86)/cypress/psoc creator/4.4/psoc creator/import/gnu/arm/5.4.1/bin/../lib/gcc/arm-none-eabi/5.4.1/../../../../arm-none-eabi/lib/armv7-m\libg_nano.a(lib_a-mprec.o)
                0x00005f10                __mprec_bigtens
 .rodata.str1.1
                0x00005f38       0x11 c:/program files (x86)/cypress/psoc creator/4.4/psoc creator/import/gnu/arm/5.4.1/bin/../lib/gcc/arm-none-eabi/5.4.1/../../../../arm-none-eabi/lib/armv7-m\libg_nano.a(lib_a-nano-svfprintf.o)
                0x00005f4c                . = ALIGN (0x4)
 *fill*         0x00005f49        0x3 
 *(.init)
 .init          0x00005f4c        0x4 c:/program files (x86)/cypress/psoc creator/4.4/psoc creator/import/gnu/arm/5.4.1/bin/../lib/gcc/arm-none-eabi/5.4.1/armv7-m/crti.o
                0x00005f4c                _init
 .init          0x00005f50        0x8 c:/program files (x86)/cypress/psoc creator/4.4/psoc creator/import/gnu/arm/5.4.1/bin/../lib/gcc/arm-none-eabi/5.4.1/armv7-m/crtn.o
                0x00005f58                . = ALIGN (0x4)
                0x00005f58                __preinit_array_start = .
 *(.preinit_array)
                0x00005f58                __preinit_array_end = .
                0x00005f58                . = ALIGN (0x4)
                0x00005f58                __init_array_start = .
 *(SORT(.init_array.*))
 *(.init_array)
 .init_array    0x00005f58        0x4 c:/program files (x86)/cypress/psoc creator/4.4/psoc creator/import/gnu/arm/5.4.1/bin/../lib/gcc/arm-none-eabi/5.4.1/armv7-m/crtbegin.o
 .init_array    0x00005f5c        0x4 .\CortexM3\ARM_GCC_541\Debug\Cm3Start.o
                0x00005f60                __init_array_end = .
                0x00005f60                . = ALIGN (0x4)
 *(.fini)
 .fini          0x00005f60        0x4 c:/program files (x86)/cypress/psoc creator/4.4/psoc creator/import/gnu/arm/5.4.1/bin/../lib/gcc/arm-none-eabi/5.4.1/armv7-m/crti.o
                0x00005f60                _fini
 .fini          0x00005f64        0x8 c:/program files (x86)/cypress/psoc creator/4.4/psoc creator/import/gnu/arm/5.4.1/bin/../lib/gcc/arm-none-eabi/5.4.1/armv7-m/crtn.o
                0x00005f6c                . = ALIGN (0x4)
                0x00005f6c                __fini_array_start = .
 *(.fini_array)
 .fini_array    0x00005f6c        0x4 c:/program files (x86)/cypress/psoc creator/4.4/psoc creator/import/gnu/arm/5.4.1/bin/../lib/gcc/arm-none-eabi/5.4.1/armv7-m/crtbegin.o
 *(SORT(.fini_array.*))
                0x00005f70                __fini_array_end = .
                0x00005f70                . = ALIGN (0x4)
 *crtbegin.o(.ctors)
 *(EXCLUDE_FILE(*crtend.o) .ctors)
 *(SORT(.ctors.*))
 *crtend.o(.ctors)
                0x00005f70                . = ALIGN (0x4)
 *crtbegin.o(.dtors)
 *(EXCLUDE_FILE(*crtend.o) .dtors)
 *(SORT(.dtors.*))
 *crtend.o(.dtors)
                0x00005f70                . = ALIGN (0x4)
                0x00005f70                __cy_regions = .
                0x00005f70        0x4 LONG 0x5f80 __cy_region_init_ram
                0x00005f74        0x4 LONG 0x1fff80c8 __cy_region_start_data
                0x00005f78        0x4 LONG 0xc0 __cy_region_init_size_ram
                0x00005f7c        0x4 LONG 0x8198 __cy_region_zero_size_ram
                0x00005f80                __cy_regions_end = .
                0x00005f80                . = ALIGN (0x8)
                0x00005f80                _etext = .

.cy_checksum_exclude
                0x00005f80        0x0
 *(.cy_checksum_exclude)

.ramvectors     0x1fff8000       0xc0
                0x1fff8000                __cy_region_start_ram = .
 *(.ramvectors)
 .ramvectors    0x1fff8000       0xc0 .\CortexM3\ARM_GCC_541\Debug\Cm3Start.o
                0x1fff8000                CyRamVectors

.noinit         0x1fff80c0        0x1
 *(.noinit)
 .noinit        0x1fff80c0        0x1 .\CortexM3\ARM_GCC_541\Debug\Project1A.a(CyLib.o)
                0x1fff80c0                CyResetStatus

.data           0x1fff80c8       0xc0 load address 0x00005f80
                0x1fff80c8                __cy_region_start_data = .
 *(.jcr)
 .jcr           0x1fff80c8        0x0 c:/program files (x86)/cypress/psoc creator/4.4/psoc creator/import/gnu/arm/5.4.1/bin/../lib/gcc/arm-none-eabi/5.4.1/armv7-m/crtbegin.o
 .jcr           0x1fff80c8        0x4 c:/program files (x86)/cypress/psoc creator/4.4/psoc creator/import/gnu/arm/5.4.1/bin/../lib/gcc/arm-none-eabi/5.4.1/armv7-m/crtend.o
 *(.got.plt)
 *(.got)
 *(.shdata)
 *(.data .data.* .gnu.linkonce.d.*)
 .data          0x1fff80cc        0x4 .\CortexM3\ARM_GCC_541\Debug\port.o
 .data          0x1fff80d0        0x4 .\CortexM3\ARM_GCC_541\Debug\Cm3Start.o
 .data          0x1fff80d4       0x10 .\CortexM3\ARM_GCC_541\Debug\Project1A.a(CyLib.o)
                0x1fff80d4                cydelay_32k_ms
                0x1fff80d8                cydelay_freq_khz
                0x1fff80dc                cydelay_freq_mhz
                0x1fff80e0                cydelay_freq_hz
 .data          0x1fff80e4        0x1 .\CortexM3\ARM_GCC_541\Debug\Project1A.a(AMUX.o)
 .data.__fdlib_version
                0x1fff80e5        0x1 c:/program files (x86)/cypress/psoc creator/4.4/psoc creator/import/gnu/arm/5.4.1/bin/../lib/gcc/arm-none-eabi/5.4.1/../../../../arm-none-eabi/lib/armv7-m\libm.a(lib_a-s_lib_ver.o)
                0x1fff80e5                __fdlib_version
 *fill*         0x1fff80e6        0x2 
 .data.impure_data
                0x1fff80e8       0x60 c:/program files (x86)/cypress/psoc creator/4.4/psoc creator/import/gnu/arm/5.4.1/bin/../lib/gcc/arm-none-eabi/5.4.1/../../../../arm-none-eabi/lib/armv7-m\libg_nano.a(lib_a-impure.o)
 .data._impure_ptr
                0x1fff8148        0x4 c:/program files (x86)/cypress/psoc creator/4.4/psoc creator/import/gnu/arm/5.4.1/bin/../lib/gcc/arm-none-eabi/5.4.1/../../../../arm-none-eabi/lib/armv7-m\libg_nano.a(lib_a-impure.o)
                0x1fff8148                _impure_ptr
 .data.lconv    0x1fff814c       0x38 c:/program files (x86)/cypress/psoc creator/4.4/psoc creator/import/gnu/arm/5.4.1/bin/../lib/gcc/arm-none-eabi/5.4.1/../../../../arm-none-eabi/lib/armv7-m\libg_nano.a(lib_a-locale.o)
                0x1fff8188                . = ALIGN (0x8)
 *fill*         0x1fff8184        0x4 
 *(.ram)
                0x1fff8188                _edata = .

.igot.plt       0x1fff8188        0x0 load address 0x00006040
 .igot.plt      0x1fff8188        0x0 c:/program files (x86)/cypress/psoc creator/4.4/psoc creator/import/gnu/arm/5.4.1/bin/../lib/gcc/arm-none-eabi/5.4.1/armv7-m/crtbegin.o

.bss            0x1fff8188     0x8198 load address 0x00006040
                0x1fff8188                PROVIDE (__bss_start__, .)
 *(.shbss)
 *(.bss .bss.* .gnu.linkonce.b.*)
 .bss           0x1fff8188       0x1c c:/program files (x86)/cypress/psoc creator/4.4/psoc creator/import/gnu/arm/5.4.1/bin/../lib/gcc/arm-none-eabi/5.4.1/armv7-m/crtbegin.o
 .bss           0x1fff81a4       0x24 .\CortexM3\ARM_GCC_541\Debug\main.o
                0x1fff81c0                xMessageBuffer
                0x1fff81c4                xQueue
 .bss           0x1fff81c8     0x8008 .\CortexM3\ARM_GCC_541\Debug\heap_1.o
 .bss           0x200001d0      0x104 .\CortexM3\ARM_GCC_541\Debug\tasks.o
                0x200002a8                pxCurrentTCB
 .bss           0x200002d4        0x2 .\CortexM3\ARM_GCC_541\Debug\Project1A.a(LCD.o)
                0x200002d4                LCD_enableState
                0x200002d5                LCD_initVar
 .bss           0x200002d6        0x1 .\CortexM3\ARM_GCC_541\Debug\Project1A.a(SARADC.o)
                0x200002d6                SARADC_initVar
 .bss           0x200002d7        0x1 .\CortexM3\ARM_GCC_541\Debug\Project1A.a(SERVOPWM.o)
                0x200002d7                SERVOPWM_initVar
 .bss           0x200002d8        0x9 .\CortexM3\ARM_GCC_541\Debug\Project1A.a(UART.o)
                0x200002d8                UART_errorStatus
                0x200002d9                UART_initVar
                0x200002da                UART_rxBufferRead
                0x200002db                UART_rxBufferWrite
                0x200002dc                UART_rxBufferLoopDetect
                0x200002dd                UART_rxBufferOverflow
                0x200002de                UART_txBufferRead
                0x200002df                UART_txBufferWrite
 *fill*         0x200002e1        0x3 
 .bss.__malloc_sbrk_start
                0x200002e4        0x4 c:/program files (x86)/cypress/psoc creator/4.4/psoc creator/import/gnu/arm/5.4.1/bin/../lib/gcc/arm-none-eabi/5.4.1/../../../../arm-none-eabi/lib/armv7-m\libg_nano.a(lib_a-nano-mallocr.o)
                0x200002e4                __malloc_sbrk_start
 .bss.__malloc_free_list
                0x200002e8        0x4 c:/program files (x86)/cypress/psoc creator/4.4/psoc creator/import/gnu/arm/5.4.1/bin/../lib/gcc/arm-none-eabi/5.4.1/../../../../arm-none-eabi/lib/armv7-m\libg_nano.a(lib_a-nano-mallocr.o)
                0x200002e8                __malloc_free_list
 *(COMMON)
 COMMON         0x200002ec        0xa .\CortexM3\ARM_GCC_541\Debug\Project1A.a(SARADC.o)
                0x200002ec                SARADC_countsPer10Volt
                0x200002f0                SARADC_offset
                0x200002f2                SARADC_shift
                0x200002f4                SARADC_countsPerVolt
 *fill*         0x200002f6        0x2 
 COMMON         0x200002f8       0x20 .\CortexM3\ARM_GCC_541\Debug\Project1A.a(UART.o)
                0x200002f8                UART_rxBuffer
                0x20000308                UART_txBuffer
 COMMON         0x20000318        0x4 c:/program files (x86)/cypress/psoc creator/4.4/psoc creator/import/gnu/arm/5.4.1/bin/../lib/gcc/arm-none-eabi/5.4.1/../../../../arm-none-eabi/lib/armv7-m\libg_nano.a(lib_a-reent.o)
                0x20000318                errno
                0x20000320                . = ALIGN (0x8)
 *fill*         0x2000031c        0x4 
 *(.ram.b)
                0x20000320                _end = .
                0x20000320                __end = .
                0x20000320                PROVIDE (end, .)
                0x20000320                PROVIDE (__bss_end__, .)
                0x00005f80                __cy_region_init_ram = LOADADDR (.data)
                0x000000c0                __cy_region_init_size_ram = (_edata - ADDR (.data))
                0x00008198                __cy_region_zero_size_ram = (_end - _edata)

.heap           0x20000320      0x200 load address 0x00006040
                0x20000320                . = _end
                0x20000520                . = (. + 0x200)
 *fill*         0x20000320      0x200 
                0x20000520                __cy_heap_limit = .

.stack          0x20006e00     0x1200
                0x20006e00                __cy_stack_limit = .
                0x20008000                . = (. + 0x1200)
 *fill*         0x20006e00     0x1200 
                0x00000001                ASSERT ((__cy_stack_limit >= __cy_heap_limit), region RAM overflowed with stack)
                0x00000000                cy_checksum_exclude_size = (CY_APPL_LOADABLE == 0x1)?SIZEOF (.cy_checksum_exclude):0x0
                0x00000001                ASSERT ((cy_checksum_exclude_size <= CY_CHECKSUM_EXCLUDE_SIZE), CY_BOOT: Section .cy_checksum_exclude size exceedes specified limit.)

.cyloadermeta
 *(.cyloadermeta)

.cyloadablemeta
 *(.cyloadablemeta)

.cyconfigecc    0x80000000      0x4ac
 *(.cyconfigecc)
 .cyconfigecc   0x80000000      0x4ac .\CortexM3\ARM_GCC_541\Debug\cymetadata.o
                0x80000000                cy_meta_configecc

.cycustnvl      0x90000000        0x4
 *(.cycustnvl)
 .cycustnvl     0x90000000        0x4 .\CortexM3\ARM_GCC_541\Debug\cymetadata.o
                0x90000000                cy_meta_custnvl

.cywolatch      0x90100000        0x4
 *(.cywolatch)
 .cywolatch     0x90100000        0x4 .\CortexM3\ARM_GCC_541\Debug\cymetadata.o
                0x90100000                cy_meta_wonvl

.cyeeprom       0x90200000        0x0
 *(.cyeeprom)
                0x00000001                ASSERT ((. <= ((0x90200000 + ee_offset) + ee_size)), .cyeeprom data will not fit in EEPROM)

.cyflashprotect
                0x90400000      0x100
 *(.cyflashprotect)
 .cyflashprotect
                0x90400000      0x100 .\CortexM3\ARM_GCC_541\Debug\cymetadata.o
                0x90400000                cy_meta_flashprotect

.cymeta         0x90500000        0xc
 *(.cymeta)
 .cymeta        0x90500000        0xc .\CortexM3\ARM_GCC_541\Debug\cymetadata.o
                0x90500000                cy_metadata

.rel.dyn        0x00006040        0x0 load address 0x9050000c
 .rel.iplt      0x00006040        0x0 c:/program files (x86)/cypress/psoc creator/4.4/psoc creator/import/gnu/arm/5.4.1/bin/../lib/gcc/arm-none-eabi/5.4.1/armv7-m/crtbegin.o

.stab
 *(.stab)

.stabstr
 *(.stabstr)

.debug
 *(.debug)

.line
 *(.line)

.debug_srcinfo
 *(.debug_srcinfo)

.debug_sfnames
 *(.debug_sfnames)

.debug_aranges  0x00000000     0x1010
 *(.debug_aranges)
 .debug_aranges
                0x00000000       0x58 .\CortexM3\ARM_GCC_541\Debug\main.o
 .debug_aranges
                0x00000058       0x70 .\CortexM3\ARM_GCC_541\Debug\port.o
 .debug_aranges
                0x000000c8       0x38 .\CortexM3\ARM_GCC_541\Debug\heap_1.o
 .debug_aranges
                0x00000100       0x18 .\CortexM3\ARM_GCC_541\Debug\croutine.o
 .debug_aranges
                0x00000118       0x68 .\CortexM3\ARM_GCC_541\Debug\event_groups.o
 .debug_aranges
                0x00000180       0x20 .\CortexM3\ARM_GCC_541\Debug\FreeRTOS_PSoC.o
 .debug_aranges
                0x000001a0       0x40 .\CortexM3\ARM_GCC_541\Debug\list.o
 .debug_aranges
                0x000001e0      0x110 .\CortexM3\ARM_GCC_541\Debug\queue.o
 .debug_aranges
                0x000002f0       0xc0 .\CortexM3\ARM_GCC_541\Debug\stream_buffer.o
 .debug_aranges
                0x000003b0      0x1c8 .\CortexM3\ARM_GCC_541\Debug\tasks.o
 .debug_aranges
                0x00000578       0x18 .\CortexM3\ARM_GCC_541\Debug\timers.o
 .debug_aranges
                0x00000590       0x68 .\CortexM3\ARM_GCC_541\Debug\cyfitter_cfg.o
 .debug_aranges
                0x000005f8       0x18 .\CortexM3\ARM_GCC_541\Debug\cymetadata.o
 .debug_aranges
                0x00000610       0x48 .\CortexM3\ARM_GCC_541\Debug\Cm3Start.o
 .debug_aranges
                0x00000658      0x2a0 .\CortexM3\ARM_GCC_541\Debug\Project1A.a(CyLib.o)
 .debug_aranges
                0x000008f8       0x98 .\CortexM3\ARM_GCC_541\Debug\Project1A.a(cyPm.o)
 .debug_aranges
                0x00000990       0x98 .\CortexM3\ARM_GCC_541\Debug\Project1A.a(LCD.o)
 .debug_aranges
                0x00000a28       0x30 .\CortexM3\ARM_GCC_541\Debug\Project1A.a(AMUX.o)
 .debug_aranges
                0x00000a58       0xa8 .\CortexM3\ARM_GCC_541\Debug\Project1A.a(SARADC.o)
 .debug_aranges
                0x00000b00       0x20 .\CortexM3\ARM_GCC_541\Debug\Project1A.a(SARADC_INT.o)
 .debug_aranges
                0x00000b20       0x98 .\CortexM3\ARM_GCC_541\Debug\Project1A.a(SERVOPWM.o)
 .debug_aranges
                0x00000bb8       0xf0 .\CortexM3\ARM_GCC_541\Debug\Project1A.a(UART.o)
 .debug_aranges
                0x00000ca8       0x28 .\CortexM3\ARM_GCC_541\Debug\Project1A.a(UART_INT.o)
 .debug_aranges
                0x00000cd0       0x80 .\CortexM3\ARM_GCC_541\Debug\Project1A.a(ISR_UART.o)
 .debug_aranges
                0x00000d50       0x80 .\CortexM3\ARM_GCC_541\Debug\Project1A.a(SARADC_theACLK.o)
 .debug_aranges
                0x00000dd0       0x70 .\CortexM3\ARM_GCC_541\Debug\Project1A.a(UART_IntClock.o)
 .debug_aranges
                0x00000e40       0x38 .\CortexM3\ARM_GCC_541\Debug\Project1A.a(UVLight.o)
 .debug_aranges
                0x00000e78       0x38 .\CortexM3\ARM_GCC_541\Debug\Project1A.a(Fan.o)
 .debug_aranges
                0x00000eb0       0x38 .\CortexM3\ARM_GCC_541\Debug\Project1A.a(HeatPad.o)
 .debug_aranges
                0x00000ee8       0x20 .\CortexM3\ARM_GCC_541\Debug\Project1A.a(CyBootAsmGnu.o)
 .debug_aranges
                0x00000f08       0x88 .\CortexM3\ARM_GCC_541\Debug\Project1A.a(CyFlash.o)
 .debug_aranges
                0x00000f90       0x80 .\CortexM3\ARM_GCC_541\Debug\Project1A.a(CySpc.o)

.debug_pubnames
 *(.debug_pubnames)

.debug_info     0x00000000     0xc990
 *(.debug_info .gnu.linkonce.wi.*)
 .debug_info    0x00000000      0xcad .\CortexM3\ARM_GCC_541\Debug\main.o
 .debug_info    0x00000cad      0x363 .\CortexM3\ARM_GCC_541\Debug\port.o
 .debug_info    0x00001010      0x1e3 .\CortexM3\ARM_GCC_541\Debug\heap_1.o
 .debug_info    0x000011f3       0xae .\CortexM3\ARM_GCC_541\Debug\croutine.o
 .debug_info    0x000012a1      0x926 .\CortexM3\ARM_GCC_541\Debug\event_groups.o
 .debug_info    0x00001bc7      0x115 .\CortexM3\ARM_GCC_541\Debug\FreeRTOS_PSoC.o
 .debug_info    0x00001cdc      0x2e5 .\CortexM3\ARM_GCC_541\Debug\list.o
 .debug_info    0x00001fc1     0x1976 .\CortexM3\ARM_GCC_541\Debug\queue.o
 .debug_info    0x00003937     0x1274 .\CortexM3\ARM_GCC_541\Debug\stream_buffer.o
 .debug_info    0x00004bab     0x20ac .\CortexM3\ARM_GCC_541\Debug\tasks.o
 .debug_info    0x00006c57       0xae .\CortexM3\ARM_GCC_541\Debug\timers.o
 .debug_info    0x00006d05      0x6eb .\CortexM3\ARM_GCC_541\Debug\cyfitter_cfg.o
 .debug_info    0x000073f0      0x136 .\CortexM3\ARM_GCC_541\Debug\cymetadata.o
 .debug_info    0x00007526      0x3bb .\CortexM3\ARM_GCC_541\Debug\Cm3Start.o
 .debug_info    0x000078e1     0x1374 .\CortexM3\ARM_GCC_541\Debug\Project1A.a(CyLib.o)
 .debug_info    0x00008c55      0xa2a .\CortexM3\ARM_GCC_541\Debug\Project1A.a(cyPm.o)
 .debug_info    0x0000967f      0x728 .\CortexM3\ARM_GCC_541\Debug\Project1A.a(LCD.o)
 .debug_info    0x00009da7      0x165 .\CortexM3\ARM_GCC_541\Debug\Project1A.a(AMUX.o)
 .debug_info    0x00009f0c      0x5c0 .\CortexM3\ARM_GCC_541\Debug\Project1A.a(SARADC.o)
 .debug_info    0x0000a4cc       0x92 .\CortexM3\ARM_GCC_541\Debug\Project1A.a(SARADC_INT.o)
 .debug_info    0x0000a55e      0x353 .\CortexM3\ARM_GCC_541\Debug\Project1A.a(SERVOPWM.o)
 .debug_info    0x0000a8b1      0x7ae .\CortexM3\ARM_GCC_541\Debug\Project1A.a(UART.o)
 .debug_info    0x0000b05f      0x186 .\CortexM3\ARM_GCC_541\Debug\Project1A.a(UART_INT.o)
 .debug_info    0x0000b1e5      0x2d2 .\CortexM3\ARM_GCC_541\Debug\Project1A.a(ISR_UART.o)
 .debug_info    0x0000b4b7      0x2c4 .\CortexM3\ARM_GCC_541\Debug\Project1A.a(SARADC_theACLK.o)
 .debug_info    0x0000b77b      0x283 .\CortexM3\ARM_GCC_541\Debug\Project1A.a(UART_IntClock.o)
 .debug_info    0x0000b9fe      0x11f .\CortexM3\ARM_GCC_541\Debug\Project1A.a(UVLight.o)
 .debug_info    0x0000bb1d      0x11f .\CortexM3\ARM_GCC_541\Debug\Project1A.a(Fan.o)
 .debug_info    0x0000bc3c      0x11f .\CortexM3\ARM_GCC_541\Debug\Project1A.a(HeatPad.o)
 .debug_info    0x0000bd5b       0x98 .\CortexM3\ARM_GCC_541\Debug\Project1A.a(CyBootAsmGnu.o)
 .debug_info    0x0000bdf3      0x64d .\CortexM3\ARM_GCC_541\Debug\Project1A.a(CyFlash.o)
 .debug_info    0x0000c440      0x550 .\CortexM3\ARM_GCC_541\Debug\Project1A.a(CySpc.o)

.debug_abbrev   0x00000000     0x2abf
 *(.debug_abbrev)
 .debug_abbrev  0x00000000      0x28c .\CortexM3\ARM_GCC_541\Debug\main.o
 .debug_abbrev  0x0000028c      0x1db .\CortexM3\ARM_GCC_541\Debug\port.o
 .debug_abbrev  0x00000467      0x131 .\CortexM3\ARM_GCC_541\Debug\heap_1.o
 .debug_abbrev  0x00000598       0x4b .\CortexM3\ARM_GCC_541\Debug\croutine.o
 .debug_abbrev  0x000005e3      0x226 .\CortexM3\ARM_GCC_541\Debug\event_groups.o
 .debug_abbrev  0x00000809       0xb4 .\CortexM3\ARM_GCC_541\Debug\FreeRTOS_PSoC.o
 .debug_abbrev  0x000008bd       0xf6 .\CortexM3\ARM_GCC_541\Debug\list.o
 .debug_abbrev  0x000009b3      0x2c8 .\CortexM3\ARM_GCC_541\Debug\queue.o
 .debug_abbrev  0x00000c7b      0x275 .\CortexM3\ARM_GCC_541\Debug\stream_buffer.o
 .debug_abbrev  0x00000ef0      0x2f3 .\CortexM3\ARM_GCC_541\Debug\tasks.o
 .debug_abbrev  0x000011e3       0x4b .\CortexM3\ARM_GCC_541\Debug\timers.o
 .debug_abbrev  0x0000122e      0x22d .\CortexM3\ARM_GCC_541\Debug\cyfitter_cfg.o
 .debug_abbrev  0x0000145b       0x77 .\CortexM3\ARM_GCC_541\Debug\cymetadata.o
 .debug_abbrev  0x000014d2      0x1e8 .\CortexM3\ARM_GCC_541\Debug\Cm3Start.o
 .debug_abbrev  0x000016ba      0x254 .\CortexM3\ARM_GCC_541\Debug\Project1A.a(CyLib.o)
 .debug_abbrev  0x0000190e      0x1ab .\CortexM3\ARM_GCC_541\Debug\Project1A.a(cyPm.o)
 .debug_abbrev  0x00001ab9      0x157 .\CortexM3\ARM_GCC_541\Debug\Project1A.a(LCD.o)
 .debug_abbrev  0x00001c10       0xb1 .\CortexM3\ARM_GCC_541\Debug\Project1A.a(AMUX.o)
 .debug_abbrev  0x00001cc1      0x1ac .\CortexM3\ARM_GCC_541\Debug\Project1A.a(SARADC.o)
 .debug_abbrev  0x00001e6d       0x42 .\CortexM3\ARM_GCC_541\Debug\Project1A.a(SARADC_INT.o)
 .debug_abbrev  0x00001eaf      0x133 .\CortexM3\ARM_GCC_541\Debug\Project1A.a(SERVOPWM.o)
 .debug_abbrev  0x00001fe2      0x16f .\CortexM3\ARM_GCC_541\Debug\Project1A.a(UART.o)
 .debug_abbrev  0x00002151       0xa2 .\CortexM3\ARM_GCC_541\Debug\Project1A.a(UART_INT.o)
 .debug_abbrev  0x000021f3      0x173 .\CortexM3\ARM_GCC_541\Debug\Project1A.a(ISR_UART.o)
 .debug_abbrev  0x00002366      0x121 .\CortexM3\ARM_GCC_541\Debug\Project1A.a(SARADC_theACLK.o)
 .debug_abbrev  0x00002487      0x139 .\CortexM3\ARM_GCC_541\Debug\Project1A.a(UART_IntClock.o)
 .debug_abbrev  0x000025c0       0x90 .\CortexM3\ARM_GCC_541\Debug\Project1A.a(UVLight.o)
 .debug_abbrev  0x00002650       0x90 .\CortexM3\ARM_GCC_541\Debug\Project1A.a(Fan.o)
 .debug_abbrev  0x000026e0       0x90 .\CortexM3\ARM_GCC_541\Debug\Project1A.a(HeatPad.o)
 .debug_abbrev  0x00002770       0x14 .\CortexM3\ARM_GCC_541\Debug\Project1A.a(CyBootAsmGnu.o)
 .debug_abbrev  0x00002784      0x1a7 .\CortexM3\ARM_GCC_541\Debug\Project1A.a(CyFlash.o)
 .debug_abbrev  0x0000292b      0x194 .\CortexM3\ARM_GCC_541\Debug\Project1A.a(CySpc.o)

.debug_line     0x00000000     0x50cd
 *(.debug_line)
 .debug_line    0x00000000      0x4bc .\CortexM3\ARM_GCC_541\Debug\main.o
 .debug_line    0x000004bc      0x2b2 .\CortexM3\ARM_GCC_541\Debug\port.o
 .debug_line    0x0000076e      0x269 .\CortexM3\ARM_GCC_541\Debug\heap_1.o
 .debug_line    0x000009d7      0x13f .\CortexM3\ARM_GCC_541\Debug\croutine.o
 .debug_line    0x00000b16      0x344 .\CortexM3\ARM_GCC_541\Debug\event_groups.o
 .debug_line    0x00000e5a      0x182 .\CortexM3\ARM_GCC_541\Debug\FreeRTOS_PSoC.o
 .debug_line    0x00000fdc      0x228 .\CortexM3\ARM_GCC_541\Debug\list.o
 .debug_line    0x00001204      0x6fc .\CortexM3\ARM_GCC_541\Debug\queue.o
 .debug_line    0x00001900      0x534 .\CortexM3\ARM_GCC_541\Debug\stream_buffer.o
 .debug_line    0x00001e34      0xaee .\CortexM3\ARM_GCC_541\Debug\tasks.o
 .debug_line    0x00002922      0x13f .\CortexM3\ARM_GCC_541\Debug\timers.o
 .debug_line    0x00002a61      0x232 .\CortexM3\ARM_GCC_541\Debug\cyfitter_cfg.o
 .debug_line    0x00002c93      0x141 .\CortexM3\ARM_GCC_541\Debug\cymetadata.o
 .debug_line    0x00002dd4      0x234 .\CortexM3\ARM_GCC_541\Debug\Cm3Start.o
 .debug_line    0x00003008      0x816 .\CortexM3\ARM_GCC_541\Debug\Project1A.a(CyLib.o)
 .debug_line    0x0000381e      0x367 .\CortexM3\ARM_GCC_541\Debug\Project1A.a(cyPm.o)
 .debug_line    0x00003b85      0x1dd .\CortexM3\ARM_GCC_541\Debug\Project1A.a(LCD.o)
 .debug_line    0x00003d62       0xa8 .\CortexM3\ARM_GCC_541\Debug\Project1A.a(AMUX.o)
 .debug_line    0x00003e0a      0x21c .\CortexM3\ARM_GCC_541\Debug\Project1A.a(SARADC.o)
 .debug_line    0x00004026       0x53 .\CortexM3\ARM_GCC_541\Debug\Project1A.a(SARADC_INT.o)
 .debug_line    0x00004079      0x18b .\CortexM3\ARM_GCC_541\Debug\Project1A.a(SERVOPWM.o)
 .debug_line    0x00004204      0x33b .\CortexM3\ARM_GCC_541\Debug\Project1A.a(UART.o)
 .debug_line    0x0000453f       0xa5 .\CortexM3\ARM_GCC_541\Debug\Project1A.a(UART_INT.o)
 .debug_line    0x000045e4      0x135 .\CortexM3\ARM_GCC_541\Debug\Project1A.a(ISR_UART.o)
 .debug_line    0x00004719      0x1a0 .\CortexM3\ARM_GCC_541\Debug\Project1A.a(SARADC_theACLK.o)
 .debug_line    0x000048b9      0x17c .\CortexM3\ARM_GCC_541\Debug\Project1A.a(UART_IntClock.o)
 .debug_line    0x00004a35       0x94 .\CortexM3\ARM_GCC_541\Debug\Project1A.a(UVLight.o)
 .debug_line    0x00004ac9       0x90 .\CortexM3\ARM_GCC_541\Debug\Project1A.a(Fan.o)
 .debug_line    0x00004b59       0x94 .\CortexM3\ARM_GCC_541\Debug\Project1A.a(HeatPad.o)
 .debug_line    0x00004bed       0x66 .\CortexM3\ARM_GCC_541\Debug\Project1A.a(CyBootAsmGnu.o)
 .debug_line    0x00004c53      0x21a .\CortexM3\ARM_GCC_541\Debug\Project1A.a(CyFlash.o)
 .debug_line    0x00004e6d      0x260 .\CortexM3\ARM_GCC_541\Debug\Project1A.a(CySpc.o)

.debug_frame    0x00000000     0x3470
 *(.debug_frame)
 .debug_frame   0x00000000      0x110 .\CortexM3\ARM_GCC_541\Debug\main.o
 .debug_frame   0x00000110       0xe0 .\CortexM3\ARM_GCC_541\Debug\port.o
 .debug_frame   0x000001f0       0x60 .\CortexM3\ARM_GCC_541\Debug\heap_1.o
 .debug_frame   0x00000250      0x13c .\CortexM3\ARM_GCC_541\Debug\event_groups.o
 .debug_frame   0x0000038c       0x20 .\CortexM3\ARM_GCC_541\Debug\FreeRTOS_PSoC.o
 .debug_frame   0x000003ac       0x70 .\CortexM3\ARM_GCC_541\Debug\list.o
 .debug_frame   0x0000041c      0x3a0 .\CortexM3\ARM_GCC_541\Debug\queue.o
 .debug_frame   0x000007bc      0x2f0 .\CortexM3\ARM_GCC_541\Debug\stream_buffer.o
 .debug_frame   0x00000aac      0x670 .\CortexM3\ARM_GCC_541\Debug\tasks.o
 .debug_frame   0x0000111c      0x130 .\CortexM3\ARM_GCC_541\Debug\cyfitter_cfg.o
 .debug_frame   0x0000124c       0xb8 .\CortexM3\ARM_GCC_541\Debug\Cm3Start.o
 .debug_frame   0x00001304      0x738 .\CortexM3\ARM_GCC_541\Debug\Project1A.a(CyLib.o)
 .debug_frame   0x00001a3c      0x1f8 .\CortexM3\ARM_GCC_541\Debug\Project1A.a(cyPm.o)
 .debug_frame   0x00001c34      0x1e8 .\CortexM3\ARM_GCC_541\Debug\Project1A.a(LCD.o)
 .debug_frame   0x00001e1c       0x64 .\CortexM3\ARM_GCC_541\Debug\Project1A.a(AMUX.o)
 .debug_frame   0x00001e80      0x1b4 .\CortexM3\ARM_GCC_541\Debug\Project1A.a(SARADC.o)
 .debug_frame   0x00002034       0x20 .\CortexM3\ARM_GCC_541\Debug\Project1A.a(SARADC_INT.o)
 .debug_frame   0x00002054      0x134 .\CortexM3\ARM_GCC_541\Debug\Project1A.a(SERVOPWM.o)
 .debug_frame   0x00002188      0x25c .\CortexM3\ARM_GCC_541\Debug\Project1A.a(UART.o)
 .debug_frame   0x000023e4       0x30 .\CortexM3\ARM_GCC_541\Debug\Project1A.a(UART_INT.o)
 .debug_frame   0x00002414      0x104 .\CortexM3\ARM_GCC_541\Debug\Project1A.a(ISR_UART.o)
 .debug_frame   0x00002518      0x100 .\CortexM3\ARM_GCC_541\Debug\Project1A.a(SARADC_theACLK.o)
 .debug_frame   0x00002618       0xe0 .\CortexM3\ARM_GCC_541\Debug\Project1A.a(UART_IntClock.o)
 .debug_frame   0x000026f8       0x50 .\CortexM3\ARM_GCC_541\Debug\Project1A.a(UVLight.o)
 .debug_frame   0x00002748       0x50 .\CortexM3\ARM_GCC_541\Debug\Project1A.a(Fan.o)
 .debug_frame   0x00002798       0x50 .\CortexM3\ARM_GCC_541\Debug\Project1A.a(HeatPad.o)
 .debug_frame   0x000027e8      0x194 .\CortexM3\ARM_GCC_541\Debug\Project1A.a(CyFlash.o)
 .debug_frame   0x0000297c      0x180 .\CortexM3\ARM_GCC_541\Debug\Project1A.a(CySpc.o)
 .debug_frame   0x00002afc       0x40 c:/program files (x86)/cypress/psoc creator/4.4/psoc creator/import/gnu/arm/5.4.1/bin/../lib/gcc/arm-none-eabi/5.4.1/../../../../arm-none-eabi/lib/armv7-m\libm.a(lib_a-w_log.o)
 .debug_frame   0x00002b3c       0x54 c:/program files (x86)/cypress/psoc creator/4.4/psoc creator/import/gnu/arm/5.4.1/bin/../lib/gcc/arm-none-eabi/5.4.1/../../../../arm-none-eabi/lib/armv7-m\libm.a(lib_a-e_log.o)
 .debug_frame   0x00002b90       0x20 c:/program files (x86)/cypress/psoc creator/4.4/psoc creator/import/gnu/arm/5.4.1/bin/../lib/gcc/arm-none-eabi/5.4.1/../../../../arm-none-eabi/lib/armv7-m\libm.a(lib_a-s_matherr.o)
 .debug_frame   0x00002bb0       0x20 c:/program files (x86)/cypress/psoc creator/4.4/psoc creator/import/gnu/arm/5.4.1/bin/../lib/gcc/arm-none-eabi/5.4.1/../../../../arm-none-eabi/lib/armv7-m\libm.a(lib_a-s_nan.o)
 .debug_frame   0x00002bd0       0x44 c:/program files (x86)/cypress/psoc creator/4.4/psoc creator/import/gnu/arm/5.4.1/bin/../lib/gcc/arm-none-eabi/5.4.1/armv7-m\libgcc.a(_aeabi_ldivmod.o)
 .debug_frame   0x00002c14       0x38 c:/program files (x86)/cypress/psoc creator/4.4/psoc creator/import/gnu/arm/5.4.1/bin/../lib/gcc/arm-none-eabi/5.4.1/armv7-m\libgcc.a(_udivmoddi4.o)
 .debug_frame   0x00002c4c       0x20 c:/program files (x86)/cypress/psoc creator/4.4/psoc creator/import/gnu/arm/5.4.1/bin/../lib/gcc/arm-none-eabi/5.4.1/../../../../arm-none-eabi/lib/armv7-m\libg_nano.a(lib_a-errno.o)
 .debug_frame   0x00002c6c       0x28 c:/program files (x86)/cypress/psoc creator/4.4/psoc creator/import/gnu/arm/5.4.1/bin/../lib/gcc/arm-none-eabi/5.4.1/../../../../arm-none-eabi/lib/armv7-m\libg_nano.a(lib_a-exit.o)
 .debug_frame   0x00002c94       0x2c c:/program files (x86)/cypress/psoc creator/4.4/psoc creator/import/gnu/arm/5.4.1/bin/../lib/gcc/arm-none-eabi/5.4.1/../../../../arm-none-eabi/lib/armv7-m\libg_nano.a(lib_a-init.o)
 .debug_frame   0x00002cc0       0x28 c:/program files (x86)/cypress/psoc creator/4.4/psoc creator/import/gnu/arm/5.4.1/bin/../lib/gcc/arm-none-eabi/5.4.1/../../../../arm-none-eabi/lib/armv7-m\libg_nano.a(lib_a-memcpy-stub.o)
 .debug_frame   0x00002ce8       0x20 c:/program files (x86)/cypress/psoc creator/4.4/psoc creator/import/gnu/arm/5.4.1/bin/../lib/gcc/arm-none-eabi/5.4.1/../../../../arm-none-eabi/lib/armv7-m\libg_nano.a(lib_a-memset.o)
 .debug_frame   0x00002d08       0x8c c:/program files (x86)/cypress/psoc creator/4.4/psoc creator/import/gnu/arm/5.4.1/bin/../lib/gcc/arm-none-eabi/5.4.1/../../../../arm-none-eabi/lib/armv7-m\libg_nano.a(lib_a-nano-vfprintf_float.o)
 .debug_frame   0x00002d94       0x60 c:/program files (x86)/cypress/psoc creator/4.4/psoc creator/import/gnu/arm/5.4.1/bin/../lib/gcc/arm-none-eabi/5.4.1/../../../../arm-none-eabi/lib/armv7-m\libg_nano.a(lib_a-nano-vfprintf_i.o)
 .debug_frame   0x00002df4       0x70 c:/program files (x86)/cypress/psoc creator/4.4/psoc creator/import/gnu/arm/5.4.1/bin/../lib/gcc/arm-none-eabi/5.4.1/../../../../arm-none-eabi/lib/armv7-m\libg_nano.a(lib_a-sprintf.o)
 .debug_frame   0x00002e64       0x20 c:/program files (x86)/cypress/psoc creator/4.4/psoc creator/import/gnu/arm/5.4.1/bin/../lib/gcc/arm-none-eabi/5.4.1/../../../../arm-none-eabi/lib/armv7-m\libg_nano.a(lib_a-strcmp.o)
 .debug_frame   0x00002e84       0x6c c:/program files (x86)/cypress/psoc creator/4.4/psoc creator/import/gnu/arm/5.4.1/bin/../lib/gcc/arm-none-eabi/5.4.1/../../../../arm-none-eabi/lib/armv7-m\libg_nano.a(lib_a-dtoa.o)
 .debug_frame   0x00002ef0       0x98 c:/program files (x86)/cypress/psoc creator/4.4/psoc creator/import/gnu/arm/5.4.1/bin/../lib/gcc/arm-none-eabi/5.4.1/../../../../arm-none-eabi/lib/armv7-m\libg_nano.a(lib_a-locale.o)
 .debug_frame   0x00002f88       0x30 c:/program files (x86)/cypress/psoc creator/4.4/psoc creator/import/gnu/arm/5.4.1/bin/../lib/gcc/arm-none-eabi/5.4.1/../../../../arm-none-eabi/lib/armv7-m\libg_nano.a(lib_a-malloc.o)
 .debug_frame   0x00002fb8       0x28 c:/program files (x86)/cypress/psoc creator/4.4/psoc creator/import/gnu/arm/5.4.1/bin/../lib/gcc/arm-none-eabi/5.4.1/../../../../arm-none-eabi/lib/armv7-m\libg_nano.a(lib_a-memchr-stub.o)
 .debug_frame   0x00002fe0      0x234 c:/program files (x86)/cypress/psoc creator/4.4/psoc creator/import/gnu/arm/5.4.1/bin/../lib/gcc/arm-none-eabi/5.4.1/../../../../arm-none-eabi/lib/armv7-m\libg_nano.a(lib_a-mprec.o)
 .debug_frame   0x00003214       0x2c c:/program files (x86)/cypress/psoc creator/4.4/psoc creator/import/gnu/arm/5.4.1/bin/../lib/gcc/arm-none-eabi/5.4.1/../../../../arm-none-eabi/lib/armv7-m\libg_nano.a(lib_a-nano-callocr.o)
 .debug_frame   0x00003240       0x38 c:/program files (x86)/cypress/psoc creator/4.4/psoc creator/import/gnu/arm/5.4.1/bin/../lib/gcc/arm-none-eabi/5.4.1/../../../../arm-none-eabi/lib/armv7-m\libg_nano.a(lib_a-nano-freer.o)
 .debug_frame   0x00003278       0x2c c:/program files (x86)/cypress/psoc creator/4.4/psoc creator/import/gnu/arm/5.4.1/bin/../lib/gcc/arm-none-eabi/5.4.1/../../../../arm-none-eabi/lib/armv7-m\libg_nano.a(lib_a-nano-mallocr.o)
 .debug_frame   0x000032a4       0x90 c:/program files (x86)/cypress/psoc creator/4.4/psoc creator/import/gnu/arm/5.4.1/bin/../lib/gcc/arm-none-eabi/5.4.1/../../../../arm-none-eabi/lib/armv7-m\libg_nano.a(lib_a-nano-svfprintf.o)
 .debug_frame   0x00003334       0x2c c:/program files (x86)/cypress/psoc creator/4.4/psoc creator/import/gnu/arm/5.4.1/bin/../lib/gcc/arm-none-eabi/5.4.1/../../../../arm-none-eabi/lib/armv7-m\libg_nano.a(lib_a-sbrkr.o)
 .debug_frame   0x00003360       0x28 c:/program files (x86)/cypress/psoc creator/4.4/psoc creator/import/gnu/arm/5.4.1/bin/../lib/gcc/arm-none-eabi/5.4.1/../../../../arm-none-eabi/lib/armv7-m\libg_nano.a(lib_a-memmove.o)
 .debug_frame   0x00003388       0x30 c:/program files (x86)/cypress/psoc creator/4.4/psoc creator/import/gnu/arm/5.4.1/bin/../lib/gcc/arm-none-eabi/5.4.1/../../../../arm-none-eabi/lib/armv7-m\libg_nano.a(lib_a-mlock.o)
 .debug_frame   0x000033b8       0x3c c:/program files (x86)/cypress/psoc creator/4.4/psoc creator/import/gnu/arm/5.4.1/bin/../lib/gcc/arm-none-eabi/5.4.1/../../../../arm-none-eabi/lib/armv7-m\libg_nano.a(lib_a-nano-reallocr.o)
 .debug_frame   0x000033f4       0x5c c:/program files (x86)/cypress/psoc creator/4.4/psoc creator/import/gnu/arm/5.4.1/bin/../lib/gcc/arm-none-eabi/5.4.1/../../../../arm-none-eabi/lib/armv7-m\libg_nano.a(lib_a-reent.o)
 .debug_frame   0x00003450       0x20 c:/program files (x86)/cypress/psoc creator/4.4/psoc creator/import/gnu/arm/5.4.1/bin/../lib/gcc/arm-none-eabi/5.4.1/../../../../arm-none-eabi/lib/armv7-m\libg_nano.a(lib_a-nano-msizer.o)

.debug_str      0x00000000     0x3e85
 *(.debug_str)
 .debug_str     0x00000000      0x4fe .\CortexM3\ARM_GCC_541\Debug\main.o
                                0x581 (size before relaxing)
 .debug_str     0x000004fe      0x1bc .\CortexM3\ARM_GCC_541\Debug\port.o
                                0x395 (size before relaxing)
 .debug_str     0x000006ba       0xc3 .\CortexM3\ARM_GCC_541\Debug\heap_1.o
                                0x292 (size before relaxing)
 .debug_str     0x0000077d       0x1a .\CortexM3\ARM_GCC_541\Debug\croutine.o
                                0x1bc (size before relaxing)
 .debug_str     0x00000797      0x3a8 .\CortexM3\ARM_GCC_541\Debug\event_groups.o
                                0x63d (size before relaxing)
 .debug_str     0x00000b3f       0x39 .\CortexM3\ARM_GCC_541\Debug\FreeRTOS_PSoC.o
                                0x220 (size before relaxing)
 .debug_str     0x00000b78       0x93 .\CortexM3\ARM_GCC_541\Debug\list.o
                                0x30b (size before relaxing)
 .debug_str     0x00000c0b      0x67b .\CortexM3\ARM_GCC_541\Debug\queue.o
                                0xa99 (size before relaxing)
 .debug_str     0x00001286      0x459 .\CortexM3\ARM_GCC_541\Debug\stream_buffer.o
                                0x871 (size before relaxing)
 .debug_str     0x000016df      0x883 .\CortexM3\ARM_GCC_541\Debug\tasks.o
                                0xfd0 (size before relaxing)
 .debug_str     0x00001f62       0x18 .\CortexM3\ARM_GCC_541\Debug\timers.o
                                0x1ba (size before relaxing)
 .debug_str     0x00001f7a      0x1dc .\CortexM3\ARM_GCC_541\Debug\cyfitter_cfg.o
                                0x392 (size before relaxing)
 .debug_str     0x00002156       0x75 .\CortexM3\ARM_GCC_541\Debug\cymetadata.o
                                0x1ec (size before relaxing)
 .debug_str     0x000021cb      0x12a .\CortexM3\ARM_GCC_541\Debug\Cm3Start.o
                                0x312 (size before relaxing)
 .debug_str     0x000022f5      0x82d .\CortexM3\ARM_GCC_541\Debug\Project1A.a(CyLib.o)
                                0xa4f (size before relaxing)
 .debug_str     0x00002b22      0x365 .\CortexM3\ARM_GCC_541\Debug\Project1A.a(cyPm.o)
                                0x73b (size before relaxing)
 .debug_str     0x00002e87      0x12a .\CortexM3\ARM_GCC_541\Debug\Project1A.a(LCD.o)
                                0x333 (size before relaxing)
 .debug_str     0x00002fb1       0x44 .\CortexM3\ARM_GCC_541\Debug\Project1A.a(AMUX.o)
                                0x1eb (size before relaxing)
 .debug_str     0x00002ff5      0x1ec .\CortexM3\ARM_GCC_541\Debug\Project1A.a(SARADC.o)
                                0x47a (size before relaxing)
 .debug_str     0x000031e1       0x2f .\CortexM3\ARM_GCC_541\Debug\Project1A.a(SARADC_INT.o)
                                0x19d (size before relaxing)
 .debug_str     0x00003210      0x1b2 .\CortexM3\ARM_GCC_541\Debug\Project1A.a(SERVOPWM.o)
                                0x39f (size before relaxing)
 .debug_str     0x000033c2      0x2e7 .\CortexM3\ARM_GCC_541\Debug\Project1A.a(UART.o)
                                0x5a0 (size before relaxing)
 .debug_str     0x000036a9       0x5e .\CortexM3\ARM_GCC_541\Debug\Project1A.a(UART_INT.o)
                                0x291 (size before relaxing)
 .debug_str     0x00003707       0xff .\CortexM3\ARM_GCC_541\Debug\Project1A.a(ISR_UART.o)
                                0x2d8 (size before relaxing)
 .debug_str     0x00003806      0x1e0 .\CortexM3\ARM_GCC_541\Debug\Project1A.a(SARADC_theACLK.o)
                                0x393 (size before relaxing)
 .debug_str     0x000039e6      0x138 .\CortexM3\ARM_GCC_541\Debug\Project1A.a(UART_IntClock.o)
                                0x33e (size before relaxing)
 .debug_str     0x00003b1e       0x62 .\CortexM3\ARM_GCC_541\Debug\Project1A.a(UVLight.o)
                                0x1f4 (size before relaxing)
 .debug_str     0x00003b80       0x47 .\CortexM3\ARM_GCC_541\Debug\Project1A.a(Fan.o)
                                0x1e0 (size before relaxing)
 .debug_str     0x00003bc7       0x57 .\CortexM3\ARM_GCC_541\Debug\Project1A.a(HeatPad.o)
                                0x1f4 (size before relaxing)
 .debug_str     0x00003c1e      0x1bb .\CortexM3\ARM_GCC_541\Debug\Project1A.a(CyFlash.o)
                                0x3c8 (size before relaxing)
 .debug_str     0x00003dd9       0xac .\CortexM3\ARM_GCC_541\Debug\Project1A.a(CySpc.o)
                                0x340 (size before relaxing)

.debug_loc      0x00000000     0x6ef3
 *(.debug_loc)
 .debug_loc     0x00000000      0x1b5 .\CortexM3\ARM_GCC_541\Debug\main.o
 .debug_loc     0x000001b5       0xa8 .\CortexM3\ARM_GCC_541\Debug\port.o
 .debug_loc     0x0000025d       0x5f .\CortexM3\ARM_GCC_541\Debug\heap_1.o
 .debug_loc     0x000002bc      0x6e0 .\CortexM3\ARM_GCC_541\Debug\event_groups.o
 .debug_loc     0x0000099c       0x65 .\CortexM3\ARM_GCC_541\Debug\list.o
 .debug_loc     0x00000a01     0x13e3 .\CortexM3\ARM_GCC_541\Debug\queue.o
 .debug_loc     0x00001de4     0x10b5 .\CortexM3\ARM_GCC_541\Debug\stream_buffer.o
 .debug_loc     0x00002e99     0x170d .\CortexM3\ARM_GCC_541\Debug\tasks.o
 .debug_loc     0x000045a6      0x32e .\CortexM3\ARM_GCC_541\Debug\cyfitter_cfg.o
 .debug_loc     0x000048d4      0x144 .\CortexM3\ARM_GCC_541\Debug\Cm3Start.o
 .debug_loc     0x00004a18      0xa11 .\CortexM3\ARM_GCC_541\Debug\Project1A.a(CyLib.o)
 .debug_loc     0x00005429      0x1e4 .\CortexM3\ARM_GCC_541\Debug\Project1A.a(cyPm.o)
 .debug_loc     0x0000560d      0x3c6 .\CortexM3\ARM_GCC_541\Debug\Project1A.a(LCD.o)
 .debug_loc     0x000059d3       0x6c .\CortexM3\ARM_GCC_541\Debug\Project1A.a(AMUX.o)
 .debug_loc     0x00005a3f      0x295 .\CortexM3\ARM_GCC_541\Debug\Project1A.a(SARADC.o)
 .debug_loc     0x00005cd4       0x26 .\CortexM3\ARM_GCC_541\Debug\Project1A.a(SERVOPWM.o)
 .debug_loc     0x00005cfa      0x36c .\CortexM3\ARM_GCC_541\Debug\Project1A.a(UART.o)
 .debug_loc     0x00006066       0x45 .\CortexM3\ARM_GCC_541\Debug\Project1A.a(UART_INT.o)
 .debug_loc     0x000060ab       0x56 .\CortexM3\ARM_GCC_541\Debug\Project1A.a(ISR_UART.o)
 .debug_loc     0x00006101      0x14d .\CortexM3\ARM_GCC_541\Debug\Project1A.a(SARADC_theACLK.o)
 .debug_loc     0x0000624e      0x128 .\CortexM3\ARM_GCC_541\Debug\Project1A.a(UART_IntClock.o)
 .debug_loc     0x00006376       0x42 .\CortexM3\ARM_GCC_541\Debug\Project1A.a(UVLight.o)
 .debug_loc     0x000063b8       0x42 .\CortexM3\ARM_GCC_541\Debug\Project1A.a(Fan.o)
 .debug_loc     0x000063fa       0x42 .\CortexM3\ARM_GCC_541\Debug\Project1A.a(HeatPad.o)
 .debug_loc     0x0000643c      0x3b2 .\CortexM3\ARM_GCC_541\Debug\Project1A.a(CyFlash.o)
 .debug_loc     0x000067ee      0x705 .\CortexM3\ARM_GCC_541\Debug\Project1A.a(CySpc.o)

.debug_macinfo
 *(.debug_macinfo)

.debug_ranges   0x00000000      0xe88
 *(.debug_ranges)
 .debug_ranges  0x00000000       0x48 .\CortexM3\ARM_GCC_541\Debug\main.o
 .debug_ranges  0x00000048       0x60 .\CortexM3\ARM_GCC_541\Debug\port.o
 .debug_ranges  0x000000a8       0x28 .\CortexM3\ARM_GCC_541\Debug\heap_1.o
 .debug_ranges  0x000000d0       0x70 .\CortexM3\ARM_GCC_541\Debug\event_groups.o
 .debug_ranges  0x00000140       0x10 .\CortexM3\ARM_GCC_541\Debug\FreeRTOS_PSoC.o
 .debug_ranges  0x00000150       0x30 .\CortexM3\ARM_GCC_541\Debug\list.o
 .debug_ranges  0x00000180      0x148 .\CortexM3\ARM_GCC_541\Debug\queue.o
 .debug_ranges  0x000002c8       0xb0 .\CortexM3\ARM_GCC_541\Debug\stream_buffer.o
 .debug_ranges  0x00000378      0x1f8 .\CortexM3\ARM_GCC_541\Debug\tasks.o
 .debug_ranges  0x00000570       0x58 .\CortexM3\ARM_GCC_541\Debug\cyfitter_cfg.o
 .debug_ranges  0x000005c8       0x38 .\CortexM3\ARM_GCC_541\Debug\Cm3Start.o
 .debug_ranges  0x00000600      0x290 .\CortexM3\ARM_GCC_541\Debug\Project1A.a(CyLib.o)
 .debug_ranges  0x00000890       0x88 .\CortexM3\ARM_GCC_541\Debug\Project1A.a(cyPm.o)
 .debug_ranges  0x00000918       0x88 .\CortexM3\ARM_GCC_541\Debug\Project1A.a(LCD.o)
 .debug_ranges  0x000009a0       0x20 .\CortexM3\ARM_GCC_541\Debug\Project1A.a(AMUX.o)
 .debug_ranges  0x000009c0       0x98 .\CortexM3\ARM_GCC_541\Debug\Project1A.a(SARADC.o)
 .debug_ranges  0x00000a58       0x10 .\CortexM3\ARM_GCC_541\Debug\Project1A.a(SARADC_INT.o)
 .debug_ranges  0x00000a68       0x88 .\CortexM3\ARM_GCC_541\Debug\Project1A.a(SERVOPWM.o)
 .debug_ranges  0x00000af0       0xe0 .\CortexM3\ARM_GCC_541\Debug\Project1A.a(UART.o)
 .debug_ranges  0x00000bd0       0x18 .\CortexM3\ARM_GCC_541\Debug\Project1A.a(UART_INT.o)
 .debug_ranges  0x00000be8       0x70 .\CortexM3\ARM_GCC_541\Debug\Project1A.a(ISR_UART.o)
 .debug_ranges  0x00000c58       0x70 .\CortexM3\ARM_GCC_541\Debug\Project1A.a(SARADC_theACLK.o)
 .debug_ranges  0x00000cc8       0x60 .\CortexM3\ARM_GCC_541\Debug\Project1A.a(UART_IntClock.o)
 .debug_ranges  0x00000d28       0x28 .\CortexM3\ARM_GCC_541\Debug\Project1A.a(UVLight.o)
 .debug_ranges  0x00000d50       0x28 .\CortexM3\ARM_GCC_541\Debug\Project1A.a(Fan.o)
 .debug_ranges  0x00000d78       0x28 .\CortexM3\ARM_GCC_541\Debug\Project1A.a(HeatPad.o)
 .debug_ranges  0x00000da0       0x78 .\CortexM3\ARM_GCC_541\Debug\Project1A.a(CyFlash.o)
 .debug_ranges  0x00000e18       0x70 .\CortexM3\ARM_GCC_541\Debug\Project1A.a(CySpc.o)

.comment        0x00000000       0x6e
 .comment       0x00000000       0x6e .\CortexM3\ARM_GCC_541\Debug\main.o
                                 0x6f (size before relaxing)
 .comment       0x0000006e       0x6f .\CortexM3\ARM_GCC_541\Debug\port.o
 .comment       0x0000006e       0x6f .\CortexM3\ARM_GCC_541\Debug\heap_1.o
 .comment       0x0000006e       0x6f .\CortexM3\ARM_GCC_541\Debug\croutine.o
 .comment       0x0000006e       0x6f .\CortexM3\ARM_GCC_541\Debug\event_groups.o
 .comment       0x0000006e       0x6f .\CortexM3\ARM_GCC_541\Debug\FreeRTOS_PSoC.o
 .comment       0x0000006e       0x6f .\CortexM3\ARM_GCC_541\Debug\list.o
 .comment       0x0000006e       0x6f .\CortexM3\ARM_GCC_541\Debug\queue.o
 .comment       0x0000006e       0x6f .\CortexM3\ARM_GCC_541\Debug\stream_buffer.o
 .comment       0x0000006e       0x6f .\CortexM3\ARM_GCC_541\Debug\tasks.o
 .comment       0x0000006e       0x6f .\CortexM3\ARM_GCC_541\Debug\timers.o
 .comment       0x0000006e       0x6f .\CortexM3\ARM_GCC_541\Debug\cyfitter_cfg.o
 .comment       0x0000006e       0x6f .\CortexM3\ARM_GCC_541\Debug\cymetadata.o
 .comment       0x0000006e       0x6f .\CortexM3\ARM_GCC_541\Debug\Cm3Start.o
 .comment       0x0000006e       0x6f .\CortexM3\ARM_GCC_541\Debug\Project1A.a(CyLib.o)
 .comment       0x0000006e       0x6f .\CortexM3\ARM_GCC_541\Debug\Project1A.a(cyPm.o)
 .comment       0x0000006e       0x6f .\CortexM3\ARM_GCC_541\Debug\Project1A.a(LCD.o)
 .comment       0x0000006e       0x6f .\CortexM3\ARM_GCC_541\Debug\Project1A.a(AMUX.o)
 .comment       0x0000006e       0x6f .\CortexM3\ARM_GCC_541\Debug\Project1A.a(SARADC.o)
 .comment       0x0000006e       0x6f .\CortexM3\ARM_GCC_541\Debug\Project1A.a(SARADC_INT.o)
 .comment       0x0000006e       0x6f .\CortexM3\ARM_GCC_541\Debug\Project1A.a(SERVOPWM.o)
 .comment       0x0000006e       0x6f .\CortexM3\ARM_GCC_541\Debug\Project1A.a(UART.o)
 .comment       0x0000006e       0x6f .\CortexM3\ARM_GCC_541\Debug\Project1A.a(UART_INT.o)
 .comment       0x0000006e       0x6f .\CortexM3\ARM_GCC_541\Debug\Project1A.a(ISR_UART.o)
 .comment       0x0000006e       0x6f .\CortexM3\ARM_GCC_541\Debug\Project1A.a(SARADC_theACLK.o)
 .comment       0x0000006e       0x6f .\CortexM3\ARM_GCC_541\Debug\Project1A.a(UART_IntClock.o)
 .comment       0x0000006e       0x6f .\CortexM3\ARM_GCC_541\Debug\Project1A.a(UVLight.o)